Component: ARM Compiler 5.06 update 7 (build 960) Tool: armlink [4d3601]

==============================================================================

Section Cross References

    stm32f10x_it.o(.text) refers to usart.o(.text) for UsartPrintf
    system_stm32f10x.o(.text) refers to system_stm32f10x.o(.data) for SystemCoreClock
    startup_stm32f10x_hd.o(STACK) refers (Special) to heapauxi.o(.text) for __use_two_region_memory
    startup_stm32f10x_hd.o(HEAP) refers (Special) to heapauxi.o(.text) for __use_two_region_memory
    startup_stm32f10x_hd.o(RESET) refers (Special) to heapauxi.o(.text) for __use_two_region_memory
    startup_stm32f10x_hd.o(RESET) refers to startup_stm32f10x_hd.o(STACK) for __initial_sp
    startup_stm32f10x_hd.o(RESET) refers to startup_stm32f10x_hd.o(.text) for Reset_Handler
    startup_stm32f10x_hd.o(RESET) refers to stm32f10x_it.o(.text) for NMI_Handler
    startup_stm32f10x_hd.o(RESET) refers to button.o(.text) for EXTI4_IRQHandler
    startup_stm32f10x_hd.o(RESET) refers to usart.o(.text) for USART1_IRQHandler
    startup_stm32f10x_hd.o(RESET) refers to esp8266.o(.text) for USART2_IRQHandler
    startup_stm32f10x_hd.o(.text) refers (Special) to heapauxi.o(.text) for __use_two_region_memory
    startup_stm32f10x_hd.o(.text) refers to system_stm32f10x.o(.text) for SystemInit
    startup_stm32f10x_hd.o(.text) refers to __main.o(!!!main) for __main
    startup_stm32f10x_hd.o(.text) refers to startup_stm32f10x_hd.o(HEAP) for Heap_Mem
    startup_stm32f10x_hd.o(.text) refers to startup_stm32f10x_hd.o(STACK) for Stack_Mem
    stm32f10x_adc.o(.text) refers to stm32f10x_rcc.o(.text) for RCC_APB2PeriphResetCmd
    stm32f10x_bkp.o(.text) refers to stm32f10x_rcc.o(.text) for RCC_BackupResetCmd
    stm32f10x_can.o(.text) refers to stm32f10x_rcc.o(.text) for RCC_APB1PeriphResetCmd
    stm32f10x_cec.o(.text) refers to stm32f10x_rcc.o(.text) for RCC_APB1PeriphResetCmd
    stm32f10x_dac.o(.text) refers to stm32f10x_rcc.o(.text) for RCC_APB1PeriphResetCmd
    stm32f10x_gpio.o(.text) refers to stm32f10x_rcc.o(.text) for RCC_APB2PeriphResetCmd
    stm32f10x_i2c.o(.text) refers to stm32f10x_rcc.o(.text) for RCC_APB1PeriphResetCmd
    stm32f10x_pwr.o(.text) refers to stm32f10x_rcc.o(.text) for RCC_APB1PeriphResetCmd
    stm32f10x_rcc.o(.text) refers to stm32f10x_rcc.o(.data) for APBAHBPrescTable
    stm32f10x_spi.o(.text) refers to stm32f10x_rcc.o(.text) for RCC_APB2PeriphResetCmd
    stm32f10x_tim.o(.text) refers to stm32f10x_rcc.o(.text) for RCC_APB2PeriphResetCmd
    stm32f10x_usart.o(.text) refers to stm32f10x_rcc.o(.text) for RCC_APB2PeriphResetCmd
    stm32f10x_wwdg.o(.text) refers to stm32f10x_rcc.o(.text) for RCC_APB1PeriphResetCmd
    usart.o(.text) refers to stm32f10x_rcc.o(.text) for RCC_APB2PeriphClockCmd
    usart.o(.text) refers to stm32f10x_gpio.o(.text) for GPIO_Init
    usart.o(.text) refers to stm32f10x_usart.o(.text) for USART_Init
    usart.o(.text) refers to misc.o(.text) for NVIC_Init
    usart.o(.text) refers to c89vsnprintf.o(.text) for __c89vsnprintf
    dht11.o(.text) refers to stm32f10x_rcc.o(.text) for RCC_APB2PeriphClockCmd
    dht11.o(.text) refers to stm32f10x_gpio.o(.text) for GPIO_Init
    dht11.o(.text) refers to delay.o(.text) for Delay_ms
    mq2.o(.text) refers to stm32f10x_rcc.o(.text) for RCC_APB2PeriphClockCmd
    mq2.o(.text) refers to stm32f10x_gpio.o(.text) for GPIO_Init
    mq2.o(.text) refers to stm32f10x_adc.o(.text) for ADC_DeInit
    mq2.o(.text) refers to delay.o(.text) for Delay_ms
    button.o(.text) refers to stm32f10x_rcc.o(.text) for RCC_APB2PeriphClockCmd
    button.o(.text) refers to stm32f10x_gpio.o(.text) for GPIO_Init
    button.o(.text) refers to stm32f10x_exti.o(.text) for EXTI_Init
    button.o(.text) refers to misc.o(.text) for NVIC_Init
    button.o(.text) refers to button.o(.data) for motorManualSet
    oled.o(.text) refers to stm32f10x_gpio.o(.text) for GPIO_ResetBits
    oled.o(.text) refers to oled.o(.bss) for OLED_GRAM
    oled.o(.text) refers to oled.o(.constdata) for asc2_0806
    oled.o(.text) refers to stm32f10x_rcc.o(.text) for RCC_APB2PeriphClockCmd
    oled.o(.text) refers to delay.o(.text) for Delay_ms
    main.o(.text) refers to misc.o(.text) for NVIC_PriorityGroupConfig
    main.o(.text) refers to usart.o(.text) for Usart1_Init
    main.o(.text) refers to oled.o(.text) for OLED_Init
    main.o(.text) refers to delay.o(.text) for Delay_ms
    main.o(.text) refers to dht11.o(.text) for DHT11_Init
    main.o(.text) refers to esp8266.o(.text) for ESP8266_Init
    main.o(.text) refers to onenet.o(.text) for OneNet_DevLink
    main.o(.text) refers to rand.o(.emb_text) for rand
    main.o(.text) refers to mq2.o(.text) for MQ2_GetData
    main.o(.text) refers to main.o(.data) for temperature
    main.o(.text) refers to button.o(.data) for num
    main.o(.text) refers to button.o(.text) for Button_Init
[...]
    __lcctype_c_end                          0x080093ec   Data           0  lc_ctype_c.o(locale$$data)
    __lcnum_c_name                           0x080093f0   Data           2  lc_numeric_c.o(locale$$data)
    __lcnum_c_start                          0x080093f8   Data           0  lc_numeric_c.o(locale$$data)
    __lcnum_c_point                          0x08009404   Data           0  lc_numeric_c.o(locale$$data)
    __lcnum_c_thousands                      0x08009406   Data           0  lc_numeric_c.o(locale$$data)
    __lcnum_c_grouping                       0x08009407   Data           0  lc_numeric_c.o(locale$$data)
    __lcnum_c_end                            0x08009408   Data           0  lc_numeric_c.o(locale$$data)
    .data                                    0x20000000   Section       20  system_stm32f10x.o(.data)
    .data                                    0x20000014   Section       20  stm32f10x_rcc.o(.data)
    APBAHBPrescTable                         0x20000014   Data          16  stm32f10x_rcc.o(.data)
    ADCPrescTable                            0x20000024   Data           4  stm32f10x_rcc.o(.data)
    .data                                    0x20000028   Section        3  button.o(.data)
    .data                                    0x2000002b   Section        2  main.o(.data)
    .data                                    0x2000002e   Section        2  onenet.o(.data)
    pkt_id                                   0x2000002e   Data           2  onenet.o(.data)
    .data                                    0x20000030   Section        4  esp8266.o(.data)
    .bss                                     0x20000034   Section     1152  oled.o(.bss)
    .bss                                     0x200004b4   Section      512  esp8266.o(.bss)
    .bss                                     0x200006b4   Section      228  rand.o(.bss)
    .bss                                     0x20000798   Section       96  libspace.o(.bss)
    HEAP                                     0x200007f8   Section     3072  startup_stm32f10x_hd.o(HEAP)
    Heap_Mem                                 0x200007f8   Data        3072  startup_stm32f10x_hd.o(HEAP)
    STACK                                    0x200013f8   Section     3072  startup_stm32f10x_hd.o(STACK)
    Stack_Mem                                0x200013f8   Data        3072  startup_stm32f10x_hd.o(STACK)
    __initial_sp                             0x20001ff8   Data           0  startup_stm32f10x_hd.o(STACK)

    Global Symbols

    Symbol Name                              Value     Ov Type        Size  Object(Section)

    BuildAttributes$$THM_ISAv4$P$D$K$B$S$PE$A:L22UL41UL21$X:L11$S22US41US21$IEEE1$IW$USESV6$~STKCKD$USESV7$~SHL$OTIME$ROPI$IEEEJ$EBA8$UX$STANDARDLIB$REQ8$PRES8$EABIv2 0x00000000   Number         0  anon$$obj.o ABSOLUTE
    __ARM_use_no_argv                        0x00000000   Number         0  main.o ABSOLUTE
    _printf_flags                            0x00000000   Number         0  printf_stubs.o ABSOLUTE
    _printf_return_value                     0x00000000   Number         0  printf_stubs.o ABSOLUTE
    _printf_sizespec                         0x00000000   Number         0  printf_stubs.o ABSOLUTE
    _printf_widthprec                        0x00000000   Number         0  printf_stubs.o ABSOLUTE
    __ARM_exceptions_init                     - Undefined Weak Reference
    __alloca_initialize                       - Undefined Weak Reference
    __arm_fini_                               - Undefined Weak Reference
    __arm_preinit_                            - Undefined Weak Reference
    __cpp_initialize__aeabi_                  - Undefined Weak Reference
    __cxa_finalize                            - Undefined Weak Reference
    __sigvec_lookup                           - Undefined Weak Reference
    __user_heap_extent                        - Undefined Weak Reference
    _atexit_init                              - Undefined Weak Reference
    _call_atexit_fns                          - Undefined Weak Reference
    _clock_init                               - Undefined Weak Reference
    _fp_trap_init                             - Undefined Weak Reference
    _fp_trap_shutdown                         - Undefined Weak Reference
    _get_lc_collate                           - Undefined Weak Reference
    _get_lc_monetary                          - Undefined Weak Reference
    _get_lc_time                              - Undefined Weak Reference
    _getenv_init                              - Undefined Weak Reference
    _handle_redirection                       - Undefined Weak Reference
    _initio                                   - Undefined Weak Reference
    _mutex_acquire                            - Undefined Weak Reference
    _mutex_free                               - Undefined Weak Reference
    _mutex_release                            - Undefined Weak Reference
    _printf_fp_hex                            - Undefined Weak Reference
    _printf_mbtowc                            - Undefined Weak Reference
    _printf_wc                                - Undefined Weak Reference
    _signal_finish                            - Undefined Weak Reference
    _signal_init                              - Undefined Weak Reference
    _terminateio                              - Undefined Weak Reference
    __Vectors_Size                           0x00000130   Number         0  startup_stm32f10x_hd.o ABSOLUTE
    __Vectors                                0x08000000   Data           4  startup_stm32f10x_hd.o(RESET)
    __Vectors_End                            0x08000130   Data           0  startup_stm32f10x_hd.o(RESET)
    __main                                   0x08000131   Thumb Code     8  __main.o(!!!main)
    __scatterload                            0x08000139   Thumb Code     0  __scatter.o(!!!scatter)
    __scatterload_rt2                        0x08000139   Thumb Code    44  __scatter.o(!!!scatter)
    __scatterload_rt2_thumb_only             0x08000139   Thumb Code     0  __scatter.o(!!!scatter)
    __scatterload_null                       0x08000147   Thumb Code     0  __scatter.o(!!!scatter)
    __scatterload_copy                       0x0800016d   Thumb Code    26  __scatter_copy.o(!!handler_copy)
    __scatterload_zeroinit                   0x08000189   Thumb Code    28  __scatter_zi.o(!!handler_zi)
    _printf_n                                0x080001a5   Thumb Code     0  _printf_n.o(.ARM.Collect$$_printf_percent$$00000001)
    _printf_percent                          0x080001a5   Thumb Code     0  _printf_percent.o(.ARM.Collect$$_printf_percent$$00000000)
    _printf_p                                0x080001ab   Thumb Code     0  _printf_p.o(.ARM.Collect$$_printf_percent$$00000002)
    _printf_f                                0x080001b1   Thumb Code     0  _printf_f.o(.ARM.Collect$$_printf_percent$$00000003)
    _printf_e                                0x080001b7   Thumb Code     0  _printf_e.o(.ARM.Collect$$_printf_percent$$00000004)
    _printf_g                                0x080001bd   Thumb Code     0  _printf_g.o(.ARM.Collect$$_printf_percent$$00000005)
    _printf_a                                0x080001c3   Thumb Code     0  _printf_a.o(.ARM.Collect$$_printf_percent$$00000006)
    _printf_ll                               0x080001c9   Thumb Code     0  _printf_ll.o(.ARM.Collect$$_printf_percent$$00000007)
    _printf_i                                0x080001d3   Thumb Code     0  _printf_i.o(.ARM.Collect$$_printf_percent$$00000008)
    _printf_d                                0x080001d9   Thumb Code     0  _printf_d.o(.ARM.Collect$$_printf_percent$$00000009)
    _printf_u                                0x080001df   Thumb Code     0  _printf_u.o(.ARM.Collect$$_printf_percent$$0000000A)
    _printf_o                                0x080001e5   Thumb Code     0  _printf_o.o(.ARM.Collect$$_printf_percent$$0000000B)
    _printf_x                                0x080001eb   Thumb Code     0  _printf_x.o(.ARM.Collect$$_printf_percent$$0000000C)
    _printf_lli                              0x080001f1   Thumb Code     0  _printf_lli.o(.ARM.Collect$$_printf_percent$$0000000D)
    _printf_lld                              0x080001f7   Thumb Code     0  _printf_lld.o(.ARM.Collect$$_printf_percent$$0000000E)
    _printf_llu                              0x080001fd   Thumb Code     0  _printf_llu.o(.ARM.Collect$$_printf_percent$$0000000F)
    _printf_llo                              0x08000203   Thumb Code     0  _printf_llo.o(.ARM.Collect$$_printf_percent$$00000010)
    _printf_llx                              0x08000209   Thumb Code     0  _printf_llx.o(.ARM.Collect$$_printf_percent$$00000011)
    _printf_l                                0x0800020f   Thumb Code     0  _printf_l.o(.ARM.Collect$$_printf_percent$$00000012)
    _printf_c                                0x08000219   Thumb Code     0  _printf_c.o(.ARM.Collect$$_printf_percent$$00000013)
    _printf_s                                0x0800021f   Thumb Code     0  _printf_s.o(.ARM.Collect$$_printf_percent$$00000014)
    _printf_lc                               0x08000225   Thumb Code     0  _printf_lc.o(.ARM.Collect$$_printf_percent$$00000015)
    _printf_ls                               0x0800022b   Thumb Code     0  _printf_ls.o(.ARM.Collect$$_printf_percent$$00000016)
    _printf_percent_end                      0x08000231   Thumb Code     0  _printf_percent_end.o(.ARM.Collect$$_printf_percent$$00000017)
    __rt_lib_init                            0x08000235   Thumb Code     0  libinit.o(.ARM.Collect$$libinit$$00000000)
    __rt_lib_init_fp_1                       0x08000237   Thumb Code     0  libinit2.o(.ARM.Collect$$libinit$$00000002)
    __rt_lib_init_heap_2                     0x08000237   Thumb Code     0  libinit2.o(.ARM.Collect$$libinit$$00000005)
    __rt_lib_init_preinit_1                  0x08000237   Thumb Code     0  libinit2.o(.ARM.Collect$$libinit$$00000004)
    __rt_lib_init_heap_1                     0x0800023f   Thumb Code     0  libinit2.o(.ARM.Collect$$libinit$$0000000A)
    __rt_lib_init_rand_2                     0x0800023f   Thumb Code     0  libinit2.o(.ARM.Collect$$libinit$$0000000D)
    __rt_lib_init_user_alloc_1               0x0800023f   Thumb Code     0  libinit2.o(.ARM.Collect$$libinit$$0000000C)
    __rt_lib_init_lc_common                  0x08000243   Thumb Code     0  libinit2.o(.ARM.Collect$$libinit$$0000000F)
    __rt_lib_init_rand_1                     0x08000243   Thumb Code     0  libinit2.o(.ARM.Collect$$libinit$$0000000E)
    __rt_lib_init_lc_collate_1               0x08000249   Thumb Code     0  libinit2.o(.ARM.Collect$$libinit$$00000011)
    __rt_lib_init_lc_ctype_2                 0x08000249   Thumb Code     0  libinit2.o(.ARM.Collect$$libinit$$00000012)
    __rt_lib_init_lc_ctype_1                 0x08000255   Thumb Code     0  libinit2.o(.ARM.Collect$$libinit$$00000013)
    __rt_lib_init_lc_monetary_1              0x08000255   Thumb Code     0  libinit2.o(.ARM.Collect$$libinit$$00000015)
    __rt_lib_init_lc_numeric_2               0x08000255   Thumb Code     0  libinit2.o(.ARM.Collect$$libinit$$00000016)
    __rt_lib_init_alloca_1                   0x0800025f   Thumb Code     0  libinit2.o(.ARM.Collect$$libinit$$0000002E)
    __rt_lib_init_argv_1                     0x0800025f   Thumb Code     0  libinit2.o(.ARM.Collect$$libinit$$0000002C)
    __rt_lib_init_atexit_1                   0x0800025f   Thumb Code     0  libinit2.o(.ARM.Collect$$libinit$$0000001B)
    __rt_lib_init_clock_1                    0x0800025f   Thumb Code     0  libinit2.o(.ARM.Collect$$libinit$$00000021)
    __rt_lib_init_cpp_1                      0x0800025f   Thumb Code     0  libinit2.o(.ARM.Collect$$libinit$$00000032)
    __rt_lib_init_exceptions_1               0x0800025f   Thumb Code     0  libinit2.o(.ARM.Collect$$libinit$$00000030)
    __rt_lib_init_fp_trap_1                  0x0800025f   Thumb Code     0  libinit2.o(.ARM.Collect$$libinit$$0000001F)
    __rt_lib_init_getenv_1                   0x0800025f   Thumb Code     0  libinit2.o(.ARM.Collect$$libinit$$00000023)
    __rt_lib_init_lc_numeric_1               0x0800025f   Thumb Code     0  libinit2.o(.ARM.Collect$$libinit$$00000017)
    __rt_lib_init_lc_time_1                  0x0800025f   Thumb Code     0  libinit2.o(.ARM.Collect$$libinit$$00000019)
    __rt_lib_init_return                     0x0800025f   Thumb Code     0  libinit2.o(.ARM.Collect$$libinit$$00000033)
    __rt_lib_init_signal_1                   0x0800025f   Thumb Code     0  libinit2.o(.ARM.Collect$$libinit$$0000001D)
    __rt_lib_init_stdio_1                    0x0800025f   Thumb Code     0  libinit2.o(.ARM.Collect$$libinit$$00000025)
    __rt_lib_shutdown                        0x08000261   Thumb Code     0  libshutdown.o(.ARM.Collect$$libshutdown$$00000000)
    __rt_lib_shutdown_cpp_1                  0x08000263   Thumb Code     0  libshutdown2.o(.ARM.Collect$$libshutdown$$00000004)
    __rt_lib_shutdown_fini_1                 0x08000263   Thumb Code     0  libshutdown2.o(.ARM.Collect$$libshutdown$$00000002)
    __rt_lib_shutdown_fp_trap_1              0x08000263   Thumb Code     0  libshutdown2.o(.ARM.Collect$$libshutdown$$00000009)
    __rt_lib_shutdown_heap_1                 0x08000263   Thumb Code     0  libshutdown2.o(.ARM.Collect$$libshutdown$$00000011)
    __rt_lib_shutdown_return                 0x08000263   Thumb Code     0  libshutdown2.o(.ARM.Collect$$libshutdown$$00000012)
    __rt_lib_shutdown_signal_1               0x08000263   Thumb Code     0  libshutdown2.o(.ARM.Collect$$libshutdown$$0000000C)
    __rt_lib_shutdown_stdio_1                0x08000263   Thumb Code     0  libshutdown2.o(.ARM.Collect$$libshutdown$$00000006)
    __rt_lib_shutdown_user_alloc_1           0x08000263   Thumb Code     0  libshutdown2.o(.ARM.Collect$$libshutdown$$0000000E)
    __rt_entry                               0x08000265   Thumb Code     0  __rtentry.o(.ARM.Collect$$rtentry$$00000000)
    __rt_entry_presh_1                       0x08000265   Thumb Code     0  __rtentry2.o(.ARM.Collect$$rtentry$$00000002)
    __rt_entry_sh                            0x08000265   Thumb Code     0  __rtentry4.o(.ARM.Collect$$rtentry$$00000004)
    __rt_entry_li                            0x0800026b   Thumb Code     0  __rtentry2.o(.ARM.Collect$$rtentry$$0000000A)
    __rt_entry_postsh_1                      0x0800026b   Thumb Code     0  __rtentry2.o(.ARM.Collect$$rtentry$$00000009)
    __rt_entry_main                          0x0800026f   Thumb Code     0  __rtentry2.o(.ARM.Collect$$rtentry$$0000000D)
    __rt_entry_postli_1                      0x0800026f   Thumb Code     0  __rtentry2.o(.ARM.Collect$$rtentry$$0000000C)
    __rt_exit                                0x08000277   Thumb Code     0  rtexit.o(.ARM.Collect$$rtexit$$00000000)
    __rt_exit_ls                             0x08000279   Thumb Code     0  rtexit2.o(.ARM.Collect$$rtexit$$00000003)
    __rt_exit_prels_1                        0x08000279   Thumb Code     0  rtexit2.o(.ARM.Collect$$rtexit$$00000002)
    __rt_exit_exit                           0x0800027d   Thumb Code     0  rtexit2.o(.ARM.Collect$$rtexit$$00000004)
    rand                                     0x08000285   Thumb Code    48  rand.o(.emb_text)
    NMI_Handler                              0x080002b9   Thumb Code     2  stm32f10x_it.o(.text)
    _maybe_terminate_alloc                   0x080002b9   Thumb Code     0  maybetermalloc1.o(.emb_text)
    HardFault_Handler                        0x080002bb   Thumb Code    12  stm32f10x_it.o(.text)
    MemManage_Handler                        0x080002c7   Thumb Code    12  stm32f10x_it.o(.text)
    BusFault_Handler                         0x080002d3   Thumb Code    12  stm32f10x_it.o(.text)
    UsageFault_Handler                       0x080002df   Thumb Code    12  stm32f10x_it.o(.text)
    SVC_Handler                              0x080002eb   Thumb Code     2  stm32f10x_it.o(.text)
    DebugMon_Handler                         0x080002ed   Thumb Code     2  stm32f10x_it.o(.text)
    SysTick_Handler                          0x080002ef   Thumb Code     2  stm32f10x_it.o(.text)
    EXTI0_IRQHandler                         0x080002f1   Thumb Code     2  stm32f10x_it.o(.text)
    RTC_IRQHandler                           0x080002f3   Thumb Code     2  stm32f10x_it.o(.text)
    SystemInit                               0x080004cb   Thumb Code    78  system_stm32f10x.o(.text)
    SystemCoreClockUpdate                    0x08000519   Thumb Code   142  system_stm32f10x.o(.text)
    Reset_Handler                            0x080005cd   Thumb Code     8  startup_stm32f10x_hd.o(.text)
    PendSV_Handler                           0x080005e3   Thumb Code     2  startup_stm32f10x_hd.o(.text)
    ADC1_2_IRQHandler                        0x080005e7   Thumb Code     0  startup_stm32f10x_hd.o(.text)
    ADC3_IRQHandler                          0x080005e7   Thumb Code     0  startup_stm32f10x_hd.o(.text)
    CAN1_RX1_IRQHandler                      0x080005e7   Thumb Code     0  startup_stm32f10x_hd.o(.text)
    CAN1_SCE_IRQHandler                      0x080005e7   Thumb Code     0  startup_stm32f10x_hd.o(.text)
    DMA1_Channel1_IRQHandler                 0x080005e7   Thumb Code     0  startup_stm32f10x_hd.o(.text)
    DMA1_Channel2_IRQHandler                 0x080005e7   Thumb Code     0  startup_stm32f10x_hd.o(.text)
    DMA1_Channel3_IRQHandler                 0x080005e7   Thumb Code     0  startup_stm32f10x_hd.o(.text)
    DMA1_Channel4_IRQHandler                 0x080005e7   Thumb Code     0  startup_stm32f10x_hd.o(.text)
    DMA1_Channel5_IRQHandler                 0x080005e7   Thumb Code     0  startup_stm32f10x_hd.o(.text)
    DMA1_Channel6_IRQHandler                 0x080005e7   Thumb Code     0  startup_stm32f10x_hd.o(.text)
    DMA1_Channel7_IRQHandler                 0x080005e7   Thumb Code     0  startup_stm32f10x_hd.o(.text)
    DMA2_Channel1_IRQHandler                 0x080005e7   Thumb Code     0  startup_stm32f10x_hd.o(.text)
    DMA2_Channel2_IRQHandler                 0x080005e7   Thumb Code     0  startup_stm32f10x_hd.o(.text)
    DMA2_Channel3_IRQHandler                 0x080005e7   Thumb Code     0  startup_stm32f10x_hd.o(.text)
    DMA2_Channel4_5_IRQHandler               0x080005e7   Thumb Code     0  startup_stm32f10x_hd.o(.text)
    EXTI15_10_IRQHandler                     0x080005e7   Thumb Code     0  startup_stm32f10x_hd.o(.text)
    EXTI1_IRQHandler                         0x080005e7   Thumb Code     0  startup_stm32f10x_hd.o(.text)
    EXTI2_IRQHandler                         0x080005e7   Thumb Code     0  startup_stm32f10x_hd.o(.text)
    EXTI3_IRQHandler                         0x080005e7   Thumb Code     0  startup_stm32f10x_hd.o(.text)
    FLASH_IRQHandler                         0x080005e7   Thumb Code     0  startup_stm32f10x_hd.o(.text)
    FSMC_IRQHandler                          0x080005e7   Thumb Code     0  startup_stm32f10x_hd.o(.text)
    I2C1_ER_IRQHandler                       0x080005e7   Thumb Code     0  startup_stm32f10x_hd.o(.text)
    I2C1_EV_IRQHandler                       0x080005e7   Thumb Code     0  startup_stm32f10x_hd.o(.text)
    I2C2_ER_IRQHandler                       0x080005e7   Thumb Code     0  startup_stm32f10x_hd.o(.text)
    I2C2_EV_IRQHandler                       0x080005e7   Thumb Code     0  startup_stm32f10x_hd.o(.text)
    PVD_IRQHandler                           0x080005e7   Thumb Code     0  startup_stm32f10x_hd.o(.text)
    RCC_IRQHandler                           0x080005e7   Thumb Code     0  startup_stm32f10x_hd.o(.text)
    RTCAlarm_IRQHandler                      0x080005e7   Thumb Code     0  startup_stm32f10x_hd.o(.text)
    SDIO_IRQHandler                          0x080005e7   Thumb Code     0  startup_stm32f10x_hd.o(.text)
    SPI1_IRQHandler                          0x080005e7   Thumb Code     0  startup_stm32f10x_hd.o(.text)
    SPI2_IRQHandler                          0x080005e7   Thumb Code     0  startup_stm32f10x_hd.o(.text)
    SPI3_IRQHandler                          0x080005e7   Thumb Code     0  startup_stm32f10x_hd.o(.text)
    TAMPER_IRQHandler                        0x080005e7   Thumb Code     0  startup_stm32f10x_hd.o(.text)
    TIM1_BRK_IRQHandler                      0x080005e7   Thumb Code     0  startup_stm32f10x_hd.o(.text)
    TIM1_CC_IRQHandler                       0x080005e7   Thumb Code     0  startup_stm32f10x_hd.o(.text)
    TIM1_TRG_COM_IRQHandler                  0x080005e7   Thumb Code     0  startup_stm32f10x_hd.o(.text)
    TIM1_UP_IRQHandler                       0x080005e7   Thumb Code     0  startup_stm32f10x_hd.o(.text)
    TIM2_IRQHandler                          0x080005e7   Thumb Code     0  startup_stm32f10x_hd.o(.text)
    TIM3_IRQHandler                          0x080005e7   Thumb Code     0  startup_stm32f10x_hd.o(.text)
    TIM4_IRQHandler                          0x080005e7   Thumb Code     0  startup_stm32f10x_hd.o(.text)
    TIM5_IRQHandler                          0x080005e7   Thumb Code     0  startup_stm32f10x_hd.o(.text)
    TIM6_IRQHandler                          0x080005e7   Thumb Code     0  startup_stm32f10x_hd.o(.text)
    TIM7_IRQHandler                          0x080005e7   Thumb Code     0  startup_stm32f10x_hd.o(.text)
    TIM8_BRK_IRQHandler                      0x080005e7   Thumb Code     0  startup_stm32f10x_hd.o(.text)
    TIM8_CC_IRQHandler                       0x080005e7   Thumb Code     0  startup_stm32f10x_hd.o(.text)
    TIM8_TRG_COM_IRQHandler                  0x080005e7   Thumb Code     0  startup_stm32f10x_hd.o(.text)
    TIM8_UP_IRQHandler                       0x080005e7   Thumb Code     0  startup_stm32f10x_hd.o(.text)
    UART4_IRQHandler                         0x080005e7   Thumb Code     0  startup_stm32f10x_hd.o(.text)
    UART5_IRQHandler                         0x080005e7   Thumb Code     0  startup_stm32f10x_hd.o(.text)
    USART3_IRQHandler                        0x080005e7   Thumb Code     0  startup_stm32f10x_hd.o(.text)
    USBWakeUp_IRQHandler                     0x080005e7   Thumb Code     0  startup_stm32f10x_hd.o(.text)
    USB_HP_CAN1_TX_IRQHandler                0x080005e7   Thumb Code     0  startup_stm32f10x_hd.o(.text)
    USB_LP_CAN1_RX0_IRQHandler               0x080005e7   Thumb Code     0  startup_stm32f10x_hd.o(.text)
    WWDG_IRQHandler                          0x080005e7   Thumb Code     0  startup_stm32f10x_hd.o(.text)
    __user_initial_stackheap                 0x080005e9   Thumb Code     0  startup_stm32f10x_hd.o(.text)
    NVIC_PriorityGroupConfig                 0x0800060d   Thumb Code    10  misc.o(.text)
    NVIC_Init                                0x08000617   Thumb Code   100  misc.o(.text)
    NVIC_SetVectorTable                      0x0800067b   Thumb Code    14  misc.o(.text)
    NVIC_SystemLPConfig                      0x08000689   Thumb Code    34  misc.o(.text)
    SysTick_CLKSourceConfig                  0x080006ab   Thumb Code    40  misc.o(.text)
    ADC_DeInit                               0x080006e9   Thumb Code    78  stm32f10x_adc.o(.text)
    ADC_Init                                 0x08000737   Thumb Code    70  stm32f10x_adc.o(.text)
    ADC_StructInit                           0x0800077d   Thumb Code    18  stm32f10x_adc.o(.text)
    ADC_Cmd                                  0x0800078f   Thumb Code    22  stm32f10x_adc.o(.text)
    ADC_DMACmd                               0x080007a5   Thumb Code    22  stm32f10x_adc.o(.text)
    ADC_ITConfig                             0x080007bb   Thumb Code    24  stm32f10x_adc.o(.text)
    ADC_ResetCalibration                     0x080007d3   Thumb Code    10  stm32f10x_adc.o(.text)
    ADC_GetResetCalibrationStatus            0x080007dd   Thumb Code    20  stm32f10x_adc.o(.text)
    ADC_StartCalibration                     0x080007f1   Thumb Code    10  stm32f10x_adc.o(.text)
    ADC_GetCalibrationStatus                 0x080007fb   Thumb Code    20  stm32f10x_adc.o(.text)
    ADC_SoftwareStartConvCmd                 0x0800080f   Thumb Code    22  stm32f10x_adc.o(.text)
    ADC_GetSoftwareStartConvStatus           0x08000825   Thumb Code    20  stm32f10x_adc.o(.text)
    ADC_DiscModeChannelCountConfig           0x08000839   Thumb Code    24  stm32f10x_adc.o(.text)
    ADC_DiscModeCmd                          0x08000851   Thumb Code    22  stm32f10x_adc.o(.text)
    ADC_RegularChannelConfig                 0x08000867   Thumb Code   184  stm32f10x_adc.o(.text)
    ADC_ExternalTrigConvCmd                  0x0800091f   Thumb Code    22  stm32f10x_adc.o(.text)
    ADC_GetConversionValue                   0x08000935   Thumb Code     8  stm32f10x_adc.o(.text)
    ADC_GetDualModeConversionValue           0x0800093d   Thumb Code     8  stm32f10x_adc.o(.text)
    ADC_AutoInjectedConvCmd                  0x08000945   Thumb Code    22  stm32f10x_adc.o(.text)
    ADC_InjectedDiscModeCmd                  0x0800095b   Thumb Code    22  stm32f10x_adc.o(.text)
    ADC_ExternalTrigInjectedConvConfig       0x08000971   Thumb Code    16  stm32f10x_adc.o(.text)
    ADC_ExternalTrigInjectedConvCmd          0x08000981   Thumb Code    22  stm32f10x_adc.o(.text)
    ADC_SoftwareStartInjectedConvCmd         0x08000997   Thumb Code    22  stm32f10x_adc.o(.text)
    ADC_GetSoftwareStartInjectedConvCmdStatus 0x080009ad   Thumb Code    20  stm32f10x_adc.o(.text)
    ADC_InjectedChannelConfig                0x080009c1   Thumb Code   130  stm32f10x_adc.o(.text)
    ADC_InjectedSequencerLengthConfig        0x08000a43   Thumb Code    24  stm32f10x_adc.o(.text)
    ADC_SetInjectedOffset                    0x08000a5b   Thumb Code    20  stm32f10x_adc.o(.text)
    ADC_GetInjectedConversionValue           0x08000a6f   Thumb Code    28  stm32f10x_adc.o(.text)
    ADC_AnalogWatchdogCmd                    0x08000a8b   Thumb Code    16  stm32f10x_adc.o(.text)
    ADC_AnalogWatchdogThresholdsConfig       0x08000a9b   Thumb Code     6  stm32f10x_adc.o(.text)
    ADC_AnalogWatchdogSingleChannelConfig    0x08000aa1   Thumb Code    16  stm32f10x_adc.o(.text)
    ADC_TempSensorVrefintCmd                 0x08000ab1   Thumb Code    64  stm32f10x_adc.o(.text)
    ADC_GetFlagStatus                        0x08000af1   Thumb Code    18  stm32f10x_adc.o(.text)
    ADC_ClearFlag                            0x08000b03   Thumb Code     6  stm32f10x_adc.o(.text)
    ADC_GetITStatus                          0x08000b09   Thumb Code    36  stm32f10x_adc.o(.text)
    ADC_ClearITPendingBit                    0x08000b2d   Thumb Code    10  stm32f10x_adc.o(.text)
    EXTI_DeInit                              0x08000b39   Thumb Code    28  stm32f10x_exti.o(.text)
    EXTI_Init                                0x08000b55   Thumb Code   142  stm32f10x_exti.o(.text)
    EXTI_StructInit                          0x08000be3   Thumb Code    16  stm32f10x_exti.o(.text)
    EXTI_GenerateSWInterrupt                 0x08000bf3   Thumb Code    16  stm32f10x_exti.o(.text)
    EXTI_GetFlagStatus                       0x08000c03   Thumb Code    22  stm32f10x_exti.o(.text)
    EXTI_ClearFlag                           0x08000c19   Thumb Code     8  stm32f10x_exti.o(.text)
    EXTI_GetITStatus                         0x08000c21   Thumb Code    34  stm32f10x_exti.o(.text)
    EXTI_ClearITPendingBit                   0x08000c43   Thumb Code     8  stm32f10x_exti.o(.text)
    GPIO_DeInit                              0x08000c55   Thumb Code   172  stm32f10x_gpio.o(.text)
    GPIO_AFIODeInit                          0x08000d01   Thumb Code    20  stm32f10x_gpio.o(.text)
    GPIO_Init                                0x08000d15   Thumb Code   278  stm32f10x_gpio.o(.text)
    GPIO_StructInit                          0x08000e2b   Thumb Code    16  stm32f10x_gpio.o(.text)
    GPIO_ReadInputDataBit                    0x08000e3b   Thumb Code    18  stm32f10x_gpio.o(.text)
    GPIO_ReadInputData                       0x08000e4d   Thumb Code     8  stm32f10x_gpio.o(.text)
    GPIO_ReadOutputDataBit                   0x08000e55   Thumb Code    18  stm32f10x_gpio.o(.text)
    GPIO_ReadOutputData                      0x08000e67   Thumb Code     8  stm32f10x_gpio.o(.text)
    GPIO_SetBits                             0x08000e6f   Thumb Code     4  stm32f10x_gpio.o(.text)
    GPIO_ResetBits                           0x08000e73   Thumb Code     4  stm32f10x_gpio.o(.text)
    GPIO_WriteBit                            0x08000e77   Thumb Code    10  stm32f10x_gpio.o(.text)
    GPIO_Write                               0x08000e81   Thumb Code     4  stm32f10x_gpio.o(.text)
    GPIO_PinLockConfig                       0x08000e85   Thumb Code    18  stm32f10x_gpio.o(.text)
    GPIO_EventOutputConfig                   0x08000e97   Thumb Code    26  stm32f10x_gpio.o(.text)
    GPIO_EventOutputCmd                      0x08000eb1   Thumb Code     6  stm32f10x_gpio.o(.text)
    GPIO_PinRemapConfig                      0x08000eb7   Thumb Code   138  stm32f10x_gpio.o(.text)
    GPIO_EXTILineConfig                      0x08000f41   Thumb Code    66  stm32f10x_gpio.o(.text)
    GPIO_ETH_MediaInterfaceConfig            0x08000f83   Thumb Code     8  stm32f10x_gpio.o(.text)
    RCC_DeInit                               0x08000fb1   Thumb Code    64  stm32f10x_rcc.o(.text)
    RCC_HSEConfig                            0x08000ff1   Thumb Code    70  stm32f10x_rcc.o(.text)
    RCC_GetFlagStatus                        0x08001037   Thumb Code    56  stm32f10x_rcc.o(.text)
    RCC_WaitForHSEStartUp                    0x0800106f   Thumb Code    56  stm32f10x_rcc.o(.text)
    RCC_AdjustHSICalibrationValue            0x080010a7   Thumb Code    20  stm32f10x_rcc.o(.text)
    RCC_HSICmd                               0x080010bb   Thumb Code     6  stm32f10x_rcc.o(.text)
    RCC_PLLConfig                            0x080010c1   Thumb Code    24  stm32f10x_rcc.o(.text)
    RCC_PLLCmd                               0x080010d9   Thumb Code     6  stm32f10x_rcc.o(.text)
    RCC_SYSCLKConfig                         0x080010df   Thumb Code    18  stm32f10x_rcc.o(.text)
    RCC_GetSYSCLKSource                      0x080010f1   Thumb Code    10  stm32f10x_rcc.o(.text)
    RCC_HCLKConfig                           0x080010fb   Thumb Code    18  stm32f10x_rcc.o(.text)
    RCC_PCLK1Config                          0x0800110d   Thumb Code    18  stm32f10x_rcc.o(.text)
    RCC_PCLK2Config                          0x0800111f   Thumb Code    20  stm32f10x_rcc.o(.text)
    RCC_ITConfig                             0x08001133   Thumb Code    26  stm32f10x_rcc.o(.text)
    RCC_USBCLKConfig                         0x0800114d   Thumb Code     8  stm32f10x_rcc.o(.text)
    RCC_ADCCLKConfig                         0x08001155   Thumb Code    18  stm32f10x_rcc.o(.text)
    RCC_LSEConfig                            0x08001167   Thumb Code    50  stm32f10x_rcc.o(.text)
    RCC_LSICmd                               0x08001199   Thumb Code     6  stm32f10x_rcc.o(.text)
    RCC_RTCCLKConfig                         0x0800119f   Thumb Code    12  stm32f10x_rcc.o(.text)
    RCC_RTCCLKCmd                            0x080011ab   Thumb Code     8  stm32f10x_rcc.o(.text)
    RCC_GetClocksFreq                        0x080011b3   Thumb Code   192  stm32f10x_rcc.o(.text)
    RCC_AHBPeriphClockCmd                    0x08001273   Thumb Code    26  stm32f10x_rcc.o(.text)
    RCC_APB2PeriphClockCmd                   0x0800128d   Thumb Code    26  stm32f10x_rcc.o(.text)
    RCC_APB1PeriphClockCmd                   0x080012a7   Thumb Code    26  stm32f10x_rcc.o(.text)
    RCC_APB2PeriphResetCmd                   0x080012c1   Thumb Code    26  stm32f10x_rcc.o(.text)
    RCC_APB1PeriphResetCmd                   0x080012db   Thumb Code    26  stm32f10x_rcc.o(.text)
    RCC_BackupResetCmd                       0x080012f5   Thumb Code     8  stm32f10x_rcc.o(.text)
    RCC_ClockSecuritySystemCmd               0x080012fd   Thumb Code     6  stm32f10x_rcc.o(.text)
    RCC_MCOConfig                            0x08001303   Thumb Code     6  stm32f10x_rcc.o(.text)
    RCC_ClearFlag                            0x08001309   Thumb Code    14  stm32f10x_rcc.o(.text)
    RCC_GetITStatus                          0x08001317   Thumb Code    20  stm32f10x_rcc.o(.text)
    RCC_ClearITPendingBit                    0x0800132b   Thumb Code     6  stm32f10x_rcc.o(.text)
    USART_DeInit                             0x08001355   Thumb Code   134  stm32f10x_usart.o(.text)
    USART_Init                               0x080013db   Thumb Code   210  stm32f10x_usart.o(.text)
    USART_StructInit                         0x080014ad   Thumb Code    24  stm32f10x_usart.o(.text)
    USART_ClockInit                          0x080014c5   Thumb Code    34  stm32f10x_usart.o(.text)
    USART_ClockStructInit                    0x080014e7   Thumb Code    12  stm32f10x_usart.o(.text)
    USART_Cmd                                0x080014f3   Thumb Code    24  stm32f10x_usart.o(.text)
    USART_ITConfig                           0x0800150b   Thumb Code    74  stm32f10x_usart.o(.text)
    USART_DMACmd                             0x08001555   Thumb Code    18  stm32f10x_usart.o(.text)
    USART_SetAddress                         0x08001567   Thumb Code    18  stm32f10x_usart.o(.text)
    USART_WakeUpConfig                       0x08001579   Thumb Code    18  stm32f10x_usart.o(.text)
    USART_ReceiverWakeUpCmd                  0x0800158b   Thumb Code    24  stm32f10x_usart.o(.text)
    USART_LINBreakDetectLengthConfig         0x080015a3   Thumb Code    18  stm32f10x_usart.o(.text)
    USART_LINCmd                             0x080015b5   Thumb Code    24  stm32f10x_usart.o(.text)
    USART_SendData                           0x080015cd   Thumb Code     8  stm32f10x_usart.o(.text)
    USART_ReceiveData                        0x080015d5   Thumb Code    10  stm32f10x_usart.o(.text)
    USART_SendBreak                          0x080015df   Thumb Code    10  stm32f10x_usart.o(.text)
    USART_SetGuardTime                       0x080015e9   Thumb Code    16  stm32f10x_usart.o(.text)
    USART_SetPrescaler                       0x080015f9   Thumb Code    16  stm32f10x_usart.o(.text)
    USART_SmartCardCmd                       0x08001609   Thumb Code    24  stm32f10x_usart.o(.text)
    USART_SmartCardNACKCmd                   0x08001621   Thumb Code    24  stm32f10x_usart.o(.text)
    USART_HalfDuplexCmd                      0x08001639   Thumb Code    24  stm32f10x_usart.o(.text)
    USART_OverSampling8Cmd                   0x08001651   Thumb Code    22  stm32f10x_usart.o(.text)
    USART_OneBitMethodCmd                    0x08001667   Thumb Code    24  stm32f10x_usart.o(.text)
    USART_IrDAConfig                         0x0800167f   Thumb Code    18  stm32f10x_usart.o(.text)
    USART_IrDACmd                            0x08001691   Thumb Code    24  stm32f10x_usart.o(.text)
    USART_GetFlagStatus                      0x080016a9   Thumb Code    26  stm32f10x_usart.o(.text)
    USART_ClearFlag                          0x080016c3   Thumb Code    18  stm32f10x_usart.o(.text)
    USART_GetITStatus                        0x080016d5   Thumb Code    84  stm32f10x_usart.o(.text)
    USART_ClearITPendingBit                  0x08001729   Thumb Code    52  stm32f10x_usart.o(.text)
    Delay_us                                 0x0800175d   Thumb Code    46  delay.o(.text)
    Delay_ms                                 0x0800178b   Thumb Code    24  delay.o(.text)
    Delay_s                                  0x080017a3   Thumb Code    24  delay.o(.text)
    Usart1_Init                              0x080017bd   Thumb Code   166  usart.o(.text)
    Usart2_Init                              0x08001863   Thumb Code   162  usart.o(.text)
    Usart_SendString                         0x08001905   Thumb Code    50  usart.o(.text)
    UsartPrintf                              0x08001937   Thumb Code    72  usart.o(.text)
    USART1_IRQHandler                        0x0800197f   Thumb Code    24  usart.o(.text)
    DHT11_GPIO_OUT                           0x080019a5   Thumb Code    38  dht11.o(.text)
    DHT11_GPIO_IN                            0x080019cb   Thumb Code    38  dht11.o(.text)
    DHT11_Rst                                0x080019f1   Thumb Code    34  dht11.o(.text)
    DHT11_Check                              0x08001a13   Thumb Code    78  dht11.o(.text)
    DHT11_Read_Bit                           0x08001a61   Thumb Code    76  dht11.o(.text)
    DHT11_Read_Byte                          0x08001aad   Thumb Code    30  dht11.o(.text)
    Dht11_Get_Temp_Humi_Value                0x08001acb   Thumb Code   104  dht11.o(.text)
    DHT11_Init                               0x08001b33   Thumb Code    54  dht11.o(.text)
    Adc_Init                                 0x08001b75   Thumb Code   132  mq2.o(.text)
    MQ2_GetData                              0x08001bf9   Thumb Code    74  mq2.o(.text)
    Button_Init                              0x08001c4d   Thumb Code   228  button.o(.text)
    EXTI9_5_IRQHandler                       0x08001d31   Thumb Code    58  button.o(.text)
    EXTI4_IRQHandler                         0x08001d6b   Thumb Code    46  button.o(.text)
    IIC_delay                                0x08001db1   Thumb Code    16  oled.o(.text)
    OLED_I2C_Stop                            0x08001dc1   Thumb Code    38  oled.o(.text)
    OLED_I2C_WaitAck                         0x08001de7   Thumb Code    46  oled.o(.text)
    OLED_Send_Byte                           0x08001e15   Thumb Code    78  oled.o(.text)
    OLED_I2C_Start                           0x08001e63   Thumb Code    56  oled.o(.text)
    OLED_WR_Byte                             0x08001e9b   Thumb Code    56  oled.o(.text)
    OLED_ColorTurn                           0x08001ed3   Thumb Code    28  oled.o(.text)
    OLED_DisplayTurn                         0x08001eef   Thumb Code    44  oled.o(.text)
    OLED_DisPlay_On                          0x08001f1b   Thumb Code    28  oled.o(.text)
    OLED_DisPlay_Off                         0x08001f37   Thumb Code    28  oled.o(.text)
    OLED_Refresh                             0x08001f53   Thumb Code   100  oled.o(.text)
    OLED_Clear                               0x08001fb7   Thumb Code    42  oled.o(.text)
    OLED_DrawPoint                           0x08001fe1   Thumb Code   114  oled.o(.text)
    OLED_DrawLine                            0x08002053   Thumb Code   172  oled.o(.text)
    OLED_DrawCircle                          0x080020ff   Thumb Code   178  oled.o(.text)
    OLED_ShowChar                            0x080021b1   Thumb Code   300  oled.o(.text)
    OLED_ShowString                          0x080022dd   Thumb Code    78  oled.o(.text)
    OLED_Pow                                 0x0800232b   Thumb Code    22  oled.o(.text)
    OLED_ShowNum                             0x08002341   Thumb Code   148  oled.o(.text)
    OLED_ShowChinese                         0x080023d5   Thumb Code   244  oled.o(.text)
    OLED_ScrollDisplay                       0x080024c9   Thumb Code   168  oled.o(.text)
    OLED_ShowPicture                         0x08002571   Thumb Code   256  oled.o(.text)
    OLED_Init                                0x08002671   Thumb Code   294  oled.o(.text)
    mode3                                    0x0800279d   Thumb Code   578  main.o(.text)
    mode2                                    0x080029df   Thumb Code   228  main.o(.text)
    mode1                                    0x08002ac3   Thumb Code   510  main.o(.text)
    main                                     0x08002cc1   Thumb Code   616  main.o(.text)
    OneNet_DevLink                           0x08003157   Thumb Code   242  onenet.o(.text)
    OneNet_FillBuf                           0x08003249   Thumb Code    98  onenet.o(.text)
    OneNet_SendData                          0x080032ab   Thumb Code   130  onenet.o(.text)
    OneNET_Publish                           0x0800332d   Thumb Code    86  onenet.o(.text)
    OneNET_Subscribe                         0x08003383   Thumb Code   838  onenet.o(.text)
    OneNet_RevPro                            0x080036c9   Thumb Code   368  onenet.o(.text)
    ft                                       0x08003959   Thumb Code    76  hmac_sha1.o(.text)
    k                                        0x080039a5   Thumb Code    34  hmac_sha1.o(.text)
    rotr                                     0x080039c7   Thumb Code    40  hmac_sha1.o(.text)
    rotl                                     0x080039ef   Thumb Code    46  hmac_sha1.o(.text)
    sha1                                     0x08003a1d   Thumb Code   632  hmac_sha1.o(.text)
    hmac_sha1                                0x08003c95   Thumb Code   360  hmac_sha1.o(.text)
    BASE64_Encode                            0x08003dfd   Thumb Code   320  base64.o(.text)
    BASE64_Decode                            0x08003f3d   Thumb Code   360  base64.o(.text)
    MQTT_NewBuffer                           0x080040ad   Thumb Code    88  mqttkit.o(.text)
    MQTT_DeleteBuffer                        0x08004105   Thumb Code    28  mqttkit.o(.text)
    MQTT_DumpLength                          0x08004121   Thumb Code    46  mqttkit.o(.text)
    MQTT_ReadLength                          0x0800414f   Thumb Code    70  mqttkit.o(.text)
    MQTT_UnPacketRecv                        0x08004195   Thumb Code   106  mqttkit.o(.text)
    MQTT_PacketConnect                       0x080041ff   Thumb Code   666  mqttkit.o(.text)
    MQTT_PacketDisConnect                    0x08004499   Thumb Code    48  mqttkit.o(.text)
    MQTT_UnPacketConnectAck                  0x080044c9   Thumb Code    30  mqttkit.o(.text)
    MQTT_PacketPublish                       0x080044e7   Thumb Code   452  mqttkit.o(.text)
    MQTT_PacketSaveData                      0x080046ab   Thumb Code    68  mqttkit.o(.text)
    MQTT_PacketSaveBinData                   0x080046ef   Thumb Code   192  mqttkit.o(.text)
    MQTT_UnPacketCmd                         0x080047af   Thumb Code   140  mqttkit.o(.text)
    MQTT_PacketCmdResp                       0x0800483b   Thumb Code   132  mqttkit.o(.text)
    MQTT_PacketSubscribe                     0x080048bf   Thumb Code   254  mqttkit.o(.text)
    MQTT_UnPacketSubscribe                   0x080049bd   Thumb Code    52  mqttkit.o(.text)
    MQTT_PacketUnSubscribe                   0x080049f1   Thumb Code   324  mqttkit.o(.text)
    MQTT_UnPacketUnSubscribe                 0x08004b35   Thumb Code    18  mqttkit.o(.text)
    MQTT_UnPacketPublish                     0x08004b47   Thumb Code   440  mqttkit.o(.text)
    MQTT_PacketPublishAck                    0x08004cff   Thumb Code    72  mqttkit.o(.text)
    MQTT_UnPacketPublishAck                  0x08004d47   Thumb Code    30  mqttkit.o(.text)
    MQTT_PacketPublishRec                    0x08004d65   Thumb Code    72  mqttkit.o(.text)
    MQTT_UnPacketPublishRec                  0x08004dad   Thumb Code    30  mqttkit.o(.text)
    MQTT_PacketPublishRel                    0x08004dcb   Thumb Code    72  mqttkit.o(.text)
    MQTT_UnPacketPublishRel                  0x08004e13   Thumb Code    36  mqttkit.o(.text)
    MQTT_PacketPublishComp                   0x08004e37   Thumb Code    72  mqttkit.o(.text)
    MQTT_UnPacketPublishComp                 0x08004e7f   Thumb Code    30  mqttkit.o(.text)
    MQTT_PacketPing                          0x08004e9d   Thumb Code    48  mqttkit.o(.text)
    ESP8266_Clear                            0x08004ecd   Thumb Code    20  esp8266.o(.text)
    ESP8266_WaitRecive                       0x08004ee1   Thumb Code    42  esp8266.o(.text)
    ESP8266_SendCmd                          0x08004f0b   Thumb Code    76  esp8266.o(.text)
    ESP8266_SendData                         0x08004f57   Thumb Code    46  esp8266.o(.text)
    ESP8266_GetIPD                           0x08004f85   Thumb Code    68  esp8266.o(.text)
    ESP8266_Init                             0x08004fc9   Thumb Code   204  esp8266.o(.text)
    USART2_IRQHandler                        0x08005095   Thumb Code    64  esp8266.o(.text)
    malloc                                   0x080051a5   Thumb Code    94  h1_alloc.o(.text)
    free                                     0x08005203   Thumb Code    78  h1_free.o(.text)
    __c89vsnprintf                           0x08005251   Thumb Code    48  c89vsnprintf.o(.text)
    __2sprintf                               0x08005285   Thumb Code    38  __2sprintf.o(.text)
    __2snprintf                              0x080052b1   Thumb Code    50  __2snprintf.o(.text)
    _printf_str                              0x080052e9   Thumb Code    82  _printf_str.o(.text)
    _printf_int_dec                          0x0800533d   Thumb Code   104  _printf_dec.o(.text)
    __printf                                 0x080053b5   Thumb Code   388  __printf_flags_ss_wp.o(.text)
    atoi                                     0x0800553d   Thumb Code    26  atoi.o(.text)
    srand                                    0x08005559   Thumb Code    42  rand.o(.text)
    _rand_init                               0x08005583   Thumb Code     4  rand.o(.text)
    strchr                                   0x08005595   Thumb Code    20  strchr.o(.text)
    strncat                                  0x080055a9   Thumb Code    36  strncat.o(.text)
    strstr                                   0x080055cd   Thumb Code    36  strstr.o(.text)
    strcpy                                   0x080055f1   Thumb Code    72  strcpy.o(.text)
    strlen                                   0x08005639   Thumb Code    62  strlen.o(.text)
    strcat                                   0x08005677   Thumb Code    24  strcat.o(.text)
    __aeabi_memcpy                           0x0800568f   Thumb Code     0  rt_memcpy_v6.o(.text)
    __rt_memcpy                              0x0800568f   Thumb Code   138  rt_memcpy_v6.o(.text)
    _memcpy_lastbytes                        0x080056f5   Thumb Code     0  rt_memcpy_v6.o(.text)
    __aeabi_memclr                           0x08005719   Thumb Code     0  rt_memclr.o(.text)
    __rt_memclr                              0x08005719   Thumb Code    68  rt_memclr.o(.text)
    _memset                                  0x0800571d   Thumb Code     0  rt_memclr.o(.text)
    __aeabi_memclr4                          0x0800575d   Thumb Code     0  rt_memclr_w.o(.text)
    __aeabi_memclr8                          0x0800575d   Thumb Code     0  rt_memclr_w.o(.text)
    __rt_memclr_w                            0x0800575d   Thumb Code    78  rt_memclr_w.o(.text)
    _memset_w                                0x08005761   Thumb Code     0  rt_memclr_w.o(.text)
    __use_two_region_memory                  0x080057ab   Thumb Code     2  heapauxi.o(.text)
    __rt_heap_escrow                         0x080057ad   Thumb Code     2  heapauxi.o(.text)
    __rt_heap_expand                         0x080057af   Thumb Code     2  heapauxi.o(.text)
    __rt_heap_descriptor                     0x080057b1   Thumb Code     8  rt_heap_descriptor_intlibspace.o(.text)
    __aeabi_errno_addr                       0x080057b9   Thumb Code     8  rt_errno_addr_intlibspace.o(.text)
    __errno$intlibspace                      0x080057b9   Thumb Code     0  rt_errno_addr_intlibspace.o(.text)
    __rt_errno_addr$intlibspace              0x080057b9   Thumb Code     0  rt_errno_addr_intlibspace.o(.text)
    __use_no_heap                            0x080057c1   Thumb Code     2  hguard.o(.text)
    __heap$guard                             0x080057c3   Thumb Code     2  hguard.o(.text)
    _terminate_user_alloc                    0x080057c5   Thumb Code     2  init_alloc.o(.text)
    _init_user_alloc                         0x080057c7   Thumb Code     2  init_alloc.o(.text)
    __Heap_Full                              0x080057c9   Thumb Code    34  init_alloc.o(.text)
    __Heap_Broken                            0x080057eb   Thumb Code     6  init_alloc.o(.text)
    _init_alloc                              0x080057f1   Thumb Code    94  init_alloc.o(.text)
    __Heap_Initialize                        0x0800584f   Thumb Code    10  h1_init.o(.text)
    __Heap_DescSize                          0x08005859   Thumb Code     4  h1_init.o(.text)
    _printf_pre_padding                      0x0800585d   Thumb Code    44  _printf_pad.o(.text)
    _printf_post_padding                     0x08005889   Thumb Code    34  _printf_pad.o(.text)
    _printf_truncate_signed                  0x080058ab   Thumb Code    18  _printf_truncate.o(.text)
    _printf_truncate_unsigned                0x080058bd   Thumb Code    18  _printf_truncate.o(.text)
    _printf_int_common                       0x080058cf   Thumb Code   178  _printf_intcommon.o(.text)
    _printf_charcount                        0x08005981   Thumb Code    40  _printf_charcount.o(.text)
    _printf_char_common                      0x080059b3   Thumb Code    32  _printf_char_common.o(.text)
    _sputc                                   0x080059d9   Thumb Code    10  _sputc.o(.text)
    _snputc                                  0x080059e3   Thumb Code    16  _snputc.o(.text)
    _printf_cs_common                        0x080059f3   Thumb Code    20  _printf_char.o(.text)
    _printf_char                             0x08005a07   Thumb Code    16  _printf_char.o(.text)
    _printf_string                           0x08005a17   Thumb Code     8  _printf_char.o(.text)
    _printf_wctomb                           0x08005a21   Thumb Code   182  _printf_wctomb.o(.text)
    _printf_longlong_dec                     0x08005add   Thumb Code   108  _printf_longlong_dec.o(.text)
    _printf_longlong_oct                     0x08005b59   Thumb Code    66  _printf_oct_int_ll.o(.text)
    _printf_int_oct                          0x08005b9b   Thumb Code    24  _printf_oct_int_ll.o(.text)
    _printf_ll_oct                           0x08005bb3   Thumb Code    12  _printf_oct_int_ll.o(.text)
    _printf_longlong_hex                     0x08005bc9   Thumb Code    86  _printf_hex_int_ll_ptr.o(.text)
    _printf_int_hex                          0x08005c1f   Thumb Code    28  _printf_hex_int_ll_ptr.o(.text)
    _printf_ll_hex                           0x08005c3b   Thumb Code    12  _printf_hex_int_ll_ptr.o(.text)
    _printf_hex_ptr                          0x08005c47   Thumb Code    18  _printf_hex_int_ll_ptr.o(.text)
    strtol                                   0x08005c5d   Thumb Code   112  strtol.o(.text)
    __aeabi_memcpy4                          0x08005ccd   Thumb Code     0  rt_memcpy_w.o(.text)
    __aeabi_memcpy8                          0x08005ccd   Thumb Code     0  rt_memcpy_w.o(.text)
    __rt_memcpy_w                            0x08005ccd   Thumb Code   100  rt_memcpy_w.o(.text)
    _memcpy_lastbytes_aligned                0x08005d15   Thumb Code     0  rt_memcpy_w.o(.text)
    __user_libspace                          0x08005d31   Thumb Code     8  libspace.o(.text)
    __user_perproc_libspace                  0x08005d31   Thumb Code     0  libspace.o(.text)
    __user_perthread_libspace                0x08005d31   Thumb Code     0  libspace.o(.text)
    __rt_ctype_table                         0x08005d39   Thumb Code    16  rt_ctype_table.o(.text)
    __Heap_ProvideMemory                     0x08005d49   Thumb Code    52  h1_extend.o(.text)
    _ll_udiv10                               0x08005d7d   Thumb Code   138  lludiv10.o(.text)
    __lib_sel_fp_printf                      0x08005e07   Thumb Code     2  _printf_fp_dec.o(.text)
    _printf_fp_dec_real                      0x08005fb9   Thumb Code   620  _printf_fp_dec.o(.text)
    _printf_lcs_common                       0x08006225   Thumb Code    20  _printf_wchar.o(.text)
    _printf_wchar                            0x08006239   Thumb Code    16  _printf_wchar.o(.text)
    _printf_wstring                          0x08006249   Thumb Code     8  _printf_wchar.o(.text)
    _strtoul                                 0x08006251   Thumb Code   158  _strtoul.o(.text)
    _wcrtomb                                 0x080062ef   Thumb Code    64  _wcrtomb.o(.text)
    __rt_SIGRTMEM                            0x0800632f   Thumb Code    14  defsig_rtmem_outer.o(.text)
    __I$use$semihosting                      0x0800633d   Thumb Code     0  use_no_semi.o(.text)
    __use_no_semihosting_swi                 0x0800633d   Thumb Code     2  use_no_semi.o(.text)
    __semihosting_library_function           0x0800633f   Thumb Code     0  indicate_semi.o(.text)
    __user_setup_stackheap                   0x0800633f   Thumb Code    74  sys_stackheap_outer.o(.text)
    __rt_locale                              0x08006389   Thumb Code     8  rt_locale_intlibspace.o(.text)
    _printf_fp_infnan                        0x08006391   Thumb Code   112  _printf_fp_infnan.o(.text)
    _chval                                   0x08006411   Thumb Code    28  _chval.o(.text)
    _btod_etento                             0x0800642d   Thumb Code   224  bigflt0.o(.text)
    exit                                     0x08006511   Thumb Code    18  exit.o(.text)
    __sig_exit                               0x08006523   Thumb Code    10  defsig_exit.o(.text)
    __rt_SIGRTMEM_inner                      0x0800652d   Thumb Code    22  defsig_rtmem_inner.o(.text)
    _sys_exit                                0x0800657d   Thumb Code     8  sys_exit.o(.text)
    __default_signal_display                 0x08006589   Thumb Code    50  defsig_general.o(.text)
    strcmp                                   0x080065bd   Thumb Code   128  strcmpv7m.o(.text)
    _ttywrch                                 0x0800663d   Thumb Code    14  sys_wrch.o(.text)
    _btod_d2e                                0x0800664b   Thumb Code    62  btod.o(CL$$btod_d2e)
    _d2e_denorm_low                          0x08006689   Thumb Code    70  btod.o(CL$$btod_d2e_denorm_low)
    _d2e_norm_op1                            0x080066cf   Thumb Code    96  btod.o(CL$$btod_d2e_norm_op1)
    __btod_div_common                        0x0800672f   Thumb Code   696  btod.o(CL$$btod_div_common)
    _e2e                                     0x08006a67   Thumb Code   220  btod.o(CL$$btod_e2e)
    _btod_ediv                               0x08006b43   Thumb Code    42  btod.o(CL$$btod_ediv)
    _btod_emul                               0x08006b6d   Thumb Code    42  btod.o(CL$$btod_emul)
    __btod_mult_common                       0x08006b97   Thumb Code   580  btod.o(CL$$btod_mult_common)
    __ARM_fpclassify                         0x08006ddb   Thumb Code    40  fpclassify.o(i.__ARM_fpclassify)
    _is_digit                                0x08006e03   Thumb Code    14  __printf_wp.o(i._is_digit)
    _get_lc_ctype                            0x08006e11   Thumb Code    44  lc_ctype_c.o(locale$$code)
    _get_lc_numeric                          0x08006e3d   Thumb Code    44  lc_numeric_c.o(locale$$code)
    _printf_fp_dec                           0x08006e69   Thumb Code     4  printf1.o(x$fpl$printf1)
    __I$use$fp                               0x08006e6c   Number         0  usenofp.o(x$fpl$usenofp)
    asc2_0806                                0x08006e6c   Data         552  oled.o(.constdata)
    asc2_1206                                0x08007094   Data        1140  oled.o(.constdata)
    asc2_1608                                0x08007508   Data        1520  oled.o(.constdata)
    asc2_2412                                0x08007af8   Data        3420  oled.o(.constdata)
    Hzk1                                     0x08008854   Data        1472  oled.o(.constdata)
    Hzk2                                     0x08008e14   Data          72  oled.o(.constdata)
    Hzk3                                     0x08008e5c   Data         128  oled.o(.constdata)
    Hzk4                                     0x08008edc   Data         512  oled.o(.constdata)
    Region$$Table$$Base                      0x080092bc   Number         0  anon$$obj.o(Region$$Table)
    Region$$Table$$Limit                     0x080092dc   Number         0  anon$$obj.o(Region$$Table)
    __ctype                                  0x080092e9   Data           0  lc_ctype_c.o(locale$$data)
    SystemCoreClock                          0x20000000   Data           4  system_stm32f10x.o(.data)
    AHBPrescTable                            0x20000004   Data          16  system_stm32f10x.o(.data)
    num                                      0x20000028   Data           1  button.o(.data)
    motorManualSet                           0x20000029   Data           1  button.o(.data)
    sum                                      0x2000002a   Data           1  button.o(.data)
    temperature                              0x2000002b   Data           1  main.o(.data)
    humidity                                 0x2000002c   Data           1  main.o(.data)
    esp8266_cnt                              0x20000030   Data           2  esp8266.o(.data)
    esp8266_cntPre                           0x20000032   Data           2  esp8266.o(.data)
    OLED_GRAM                                0x20000034   Data        1152  oled.o(.bss)
    esp8266_buf                              0x200004b4   Data         512  esp8266.o(.bss)
    _random_number_data                      0x200006b4   Data         228  rand.o(.bss)
    __libspace_start                         0x20000798   Data          96  libspace.o(.bss)
    __temporary_stack_top$libspace           0x200007f8   Data           0  libspace.o(.bss)



==============================================================================

Memory Map of the image

  Image Entry point : 0x08000131

  Load Region LR_IROM1 (Base: 0x08000000, Size: 0x0000943c, Max: 0x00080000, ABSOLUTE)

    Execution Region ER_IROM1 (Exec base: 0x08000000, Load base: 0x08000000, Size: 0x00009408, Max: 0x00080000, ABSOLUTE)

    Exec Addr    Load Addr    Size         Type   Attr      Idx    E Section Name        Object

    0x08000000   0x08000000   0x00000130   Data   RO          139    RESET               startup_stm32f10x_hd.o
    0x08000130   0x08000130   0x00000008   Code   RO          949  * !!!main             c_w.l(__main.o)
    0x08000138   0x08000138   0x00000034   Code   RO         1293    !!!scatter          c_w.l(__scatter.o)
    0x0800016c   0x0800016c   0x0000001a   Code   RO         1295    !!handler_copy      c_w.l(__scatter_copy.o)
    0x08000186   0x08000186   0x00000002   PAD
    0x08000188   0x08000188   0x0000001c   Code   RO         1297    !!handler_zi        c_w.l(__scatter_zi.o)
    0x080001a4   0x080001a4   0x00000000   Code   RO          921    .ARM.Collect$$_printf_percent$$00000000  c_w.l(_printf_percent.o)
    0x080001a4   0x080001a4   0x00000006   Code   RO         1033    .ARM.Collect$$_printf_percent$$00000001  c_w.l(_printf_n.o)
    0x080001aa   0x080001aa   0x00000006   Code   RO         1035    .ARM.Collect$$_printf_percent$$00000002  c_w.l(_printf_p.o)
    0x080001b0   0x080001b0   0x00000006   Code   RO         1039    .ARM.Collect$$_printf_percent$$00000003  c_w.l(_printf_f.o)
    0x080001b6   0x080001b6   0x00000006   Code   RO         1040    .ARM.Collect$$_printf_percent$$00000004  c_w.l(_printf_e.o)
    0x080001bc   0x080001bc   0x00000006   Code   RO         1041    .ARM.Collect$$_printf_percent$$00000005  c_w.l(_printf_g.o)
    0x080001c2   0x080001c2   0x00000006   Code   RO         1042    .ARM.Collect$$_printf_percent$$00000006  c_w.l(_printf_a.o)
    0x080001c8   0x080001c8   0x0000000a   Code   RO         1047    .ARM.Collect$$_printf_percent$$00000007  c_w.l(_printf_ll.o)
    0x080001d2   0x080001d2   0x00000006   Code   RO         1037    .ARM.Collect$$_printf_percent$$00000008  c_w.l(_printf_i.o)
    0x080001d8   0x080001d8   0x00000006   Code   RO          920    .ARM.Collect$$_printf_percent$$00000009  c_w.l(_printf_d.o)
    0x080001de   0x080001de   0x00000006   Code   RO         1038    .ARM.Collect$$_printf_percent$$0000000A  c_w.l(_printf_u.o)
    0x080001e4   0x080001e4   0x00000006   Code   RO         1036    .ARM.Collect$$_printf_percent$$0000000B  c_w.l(_printf_o.o)
    0x080001ea   0x080001ea   0x00000006   Code   RO         1034    .ARM.Collect$$_printf_percent$$0000000C  c_w.l(_printf_x.o)
    0x080001f0   0x080001f0   0x00000006   Code   RO         1044    .ARM.Collect$$_printf_percent$$0000000D  c_w.l(_printf_lli.o)
    0x080001f6   0x080001f6   0x00000006   Code   RO         1045    .ARM.Collect$$_printf_percent$$0000000E  c_w.l(_printf_lld.o)
    0x080001fc   0x080001fc   0x00000006   Code   RO         1046    .ARM.Collect$$_printf_percent$$0000000F  c_w.l(_printf_llu.o)
    0x08000202   0x08000202   0x00000006   Code   RO         1051    .ARM.Collect$$_printf_percent$$00000010  c_w.l(_printf_llo.o)
    0x08000208   0x08000208   0x00000006   Code   RO         1052    .ARM.Collect$$_printf_percent$$00000011  c_w.l(_printf_llx.o)
    0x0800020e   0x0800020e   0x0000000a   Code   RO         1048    .ARM.Collect$$_printf_percent$$00000012  c_w.l(_printf_l.o)
    0x08000218   0x08000218   0x00000006   Code   RO         1032    .ARM.Collect$$_printf_percent$$00000013  c_w.l(_printf_c.o)
    0x0800021e   0x0800021e   0x00000006   Code   RO          919    .ARM.Collect$$_printf_percent$$00000014  c_w.l(_printf_s.o)
    0x08000224   0x08000224   0x00000006   Code   RO         1049    .ARM.Collect$$_printf_percent$$00000015  c_w.l(_printf_lc.o)
    0x0800022a   0x0800022a   0x00000006   Code   RO         1050    .ARM.Collect$$_printf_percent$$00000016  c_w.l(_printf_ls.o)
    0x08000230   0x08000230   0x00000004   Code   RO         1043    .ARM.Collect$$_printf_percent$$00000017  c_w.l(_printf_percent_end.o)
    0x08000234   0x08000234   0x00000002   Code   RO         1223    .ARM.Collect$$libinit$$00000000  c_w.l(libinit.o)
    0x08000236   0x08000236   0x00000000   Code   RO         1060    .ARM.Collect$$libinit$$00000002  c_w.l(libinit2.o)
    0x08000236   0x08000236   0x00000000   Code   RO         1062    .ARM.Collect$$libinit$$00000004  c_w.l(libinit2.o)
    0x08000236   0x08000236   0x00000008   Code   RO         1063    .ARM.Collect$$libinit$$00000005  c_w.l(libinit2.o)
    0x0800023e   0x0800023e   0x00000000   Code   RO         1065    .ARM.Collect$$libinit$$0000000A  c_w.l(libinit2.o)
    0x0800023e   0x0800023e   0x00000000   Code   RO         1067    .ARM.Collect$$libinit$$0000000C  c_w.l(libinit2.o)
    0x0800023e   0x0800023e   0x00000004   Code   RO         1068    .ARM.Collect$$libinit$$0000000D  c_w.l(libinit2.o)
    0x08000242   0x08000242   0x00000000   Code   RO         1069    .ARM.Collect$$libinit$$0000000E  c_w.l(libinit2.o)
    0x08000242   0x08000242   0x00000006   Code   RO         1070    .ARM.Collect$$libinit$$0000000F  c_w.l(libinit2.o)
    0x08000248   0x08000248   0x00000000   Code   RO         1072    .ARM.Collect$$libinit$$00000011  c_w.l(libinit2.o)
    0x08000248   0x08000248   0x0000000c   Code   RO         1073    .ARM.Collect$$libinit$$00000012  c_w.l(libinit2.o)
    0x08000254   0x08000254   0x00000000   Code   RO         1074    .ARM.Collect$$libinit$$00000013  c_w.l(libinit2.o)
    0x08000254   0x08000254   0x00000000   Code   RO         1076    .ARM.Collect$$libinit$$00000015  c_w.l(libinit2.o)
    0x08000254   0x08000254   0x0000000a   Code   RO         1077    .ARM.Collect$$libinit$$00000016  c_w.l(libinit2.o)
    0x0800025e   0x0800025e   0x00000000   Code   RO         1078    .ARM.Collect$$libinit$$00000017  c_w.l(libinit2.o)
    0x0800025e   0x0800025e   0x00000000   Code   RO         1080    .ARM.Collect$$libinit$$00000019  c_w.l(libinit2.o)
    0x0800025e   0x0800025e   0x00000000   Code   RO         1082    .ARM.Collect$$libinit$$0000001B  c_w.l(libinit2.o)
    0x0800025e   0x0800025e   0x00000000   Code   RO         1084    .ARM.Collect$$libinit$$0000001D  c_w.l(libinit2.o)
    0x0800025e   0x0800025e   0x00000000   Code   RO         1086    .ARM.Collect$$libinit$$0000001F  c_w.l(libinit2.o)
    0x0800025e   0x0800025e   0x00000000   Code   RO         1088    .ARM.Collect$$libinit$$00000021  c_w.l(libinit2.o)
    0x0800025e   0x0800025e   0x00000000   Code   RO         1090    .ARM.Collect$$libinit$$00000023  c_w.l(libinit2.o)
    0x0800025e   0x0800025e   0x00000000   Code   RO         1092    .ARM.Collect$$libinit$$00000025  c_w.l(libinit2.o)
    0x0800025e   0x0800025e   0x00000000   Code   RO         1096    .ARM.Collect$$libinit$$0000002C  c_w.l(libinit2.o)
    0x0800025e   0x0800025e   0x00000000   Code   RO         1098    .ARM.Collect$$libinit$$0000002E  c_w.l(libinit2.o)
    0x0800025e   0x0800025e   0x00000000   Code   RO         1100    .ARM.Collect$$libinit$$00000030  c_w.l(libinit2.o)
    0x0800025e   0x0800025e   0x00000000   Code   RO         1102    .ARM.Collect$$libinit$$00000032  c_w.l(libinit2.o)
    0x0800025e   0x0800025e   0x00000002   Code   RO         1103    .ARM.Collect$$libinit$$00000033  c_w.l(libinit2.o)
    0x08000260   0x08000260   0x00000002   Code   RO         1290    .ARM.Collect$$libshutdown$$00000000  c_w.l(libshutdown.o)
    0x08000262   0x08000262   0x00000000   Code   RO         1244    .ARM.Collect$$libshutdown$$00000002  c_w.l(libshutdown2.o)
    0x08000262   0x08000262   0x00000000   Code   RO         1246    .ARM.Collect$$libshutdown$$00000004  c_w.l(libshutdown2.o)
    0x08000262   0x08000262   0x00000000   Code   RO         1248    .ARM.Collect$$libshutdown$$00000006  c_w.l(libshutdown2.o)
    0x08000262   0x08000262   0x00000000   Code   RO         1251    .ARM.Collect$$libshutdown$$00000009  c_w.l(libshutdown2.o)
    0x08000262   0x08000262   0x00000000   Code   RO         1254    .ARM.Collect$$libshutdown$$0000000C  c_w.l(libshutdown2.o)
    0x08000262   0x08000262   0x00000000   Code   RO         1256    .ARM.Collect$$libshutdown$$0000000E  c_w.l(libshutdown2.o)
    0x08000262   0x08000262   0x00000000   Code   RO         1259    .ARM.Collect$$libshutdown$$00000011  c_w.l(libshutdown2.o)
    0x08000262   0x08000262   0x00000002   Code   RO         1260    .ARM.Collect$$libshutdown$$00000012  c_w.l(libshutdown2.o)
    0x08000264   0x08000264   0x00000000   Code   RO          953    .ARM.Collect$$rtentry$$00000000  c_w.l(__rtentry.o)
    0x08000264   0x08000264   0x00000000   Code   RO         1112    .ARM.Collect$$rtentry$$00000002  c_w.l(__rtentry2.o)
    0x08000264   0x08000264   0x00000006   Code   RO         1124    .ARM.Collect$$rtentry$$00000004  c_w.l(__rtentry4.o)
    0x0800026a   0x0800026a   0x00000000   Code   RO         1114    .ARM.Collect$$rtentry$$00000009  c_w.l(__rtentry2.o)
    0x0800026a   0x0800026a   0x00000004   Code   RO         1115    .ARM.Collect$$rtentry$$0000000A  c_w.l(__rtentry2.o)
    0x0800026e   0x0800026e   0x00000000   Code   RO         1117    .ARM.Collect$$rtentry$$0000000C  c_w.l(__rtentry2.o)
    0x0800026e   0x0800026e   0x00000008   Code   RO         1118    .ARM.Collect$$rtentry$$0000000D  c_w.l(__rtentry2.o)
    0x08000276   0x08000276   0x00000002   Code   RO         1231    .ARM.Collect$$rtexit$$00000000  c_w.l(rtexit.o)
    0x08000278   0x08000278   0x00000000   Code   RO         1264    .ARM.Collect$$rtexit$$00000002  c_w.l(rtexit2.o)
    0x08000278   0x08000278   0x00000004   Code   RO         1265    .ARM.Collect$$rtexit$$00000003  c_w.l(rtexit2.o)
    0x0800027c   0x0800027c   0x00000006   Code   RO         1266    .ARM.Collect$$rtexit$$00000004  c_w.l(rtexit2.o)
    0x08000282   0x08000282   0x00000002   PAD
    0x08000284   0x08000284   0x00000034   Code   RO          924    .emb_text           c_w.l(rand.o)
    0x080002b8   0x080002b8   0x00000000   Code   RO         1130    .emb_text           c_w.l(maybetermalloc1.o)
    0x080002b8   0x080002b8   0x00000134   Code   RO           17    .text               stm32f10x_it.o
    0x080003ec   0x080003ec   0x000001e0   Code   RO          119    .text               system_stm32f10x.o
    0x080005cc   0x080005cc   0x00000040   Code   RO          140    .text               startup_stm32f10x_hd.o
    0x0800060c   0x0800060c   0x000000dc   Code   RO          144    .text               misc.o
    0x080006e8   0x080006e8   0x0000044e   Code   RO          182    .text               stm32f10x_adc.o
    0x08000b36   0x08000b36   0x00000002   PAD
    0x08000b38   0x08000b38   0x0000011c   Code   RO          305    .text               stm32f10x_exti.o
    0x08000c54   0x08000c54   0x0000035c   Code   RO          350    .text               stm32f10x_gpio.o
    0x08000fb0   0x08000fb0   0x000003a4   Code   RO          410    .text               stm32f10x_rcc.o
    0x08001354   0x08001354   0x00000408   Code   RO          487    .text               stm32f10x_usart.o
    0x0800175c   0x0800175c   0x0000005e   Code   RO          517    .text               delay.o
    0x080017ba   0x080017ba   0x00000002   PAD
    0x080017bc   0x080017bc   0x000001e8   Code   RO          548    .text               usart.o
    0x080019a4   0x080019a4   0x000001d0   Code   RO          576    .text               dht11.o
    0x08001b74   0x08001b74   0x000000d8   Code   RO          591    .text               mq2.o
    0x08001c4c   0x08001c4c   0x00000164   Code   RO          606    .text               button.o
    0x08001db0   0x08001db0   0x000009ec   Code   RO          630    .text               oled.o
    0x0800279c   0x0800279c   0x000007a8   Code   RO          649    .text               main.o
    0x08002f44   0x08002f44   0x00000a14   Code   RO          689    .text               onenet.o
    0x08003958   0x08003958   0x000004a4   Code   RO          732    .text               hmac_sha1.o
    0x08003dfc   0x08003dfc   0x000002b0   Code   RO          751    .text               base64.o
    0x080040ac   0x080040ac   0x00000e20   Code   RO          772    .text               mqttkit.o
    0x08004ecc   0x08004ecc   0x000002d8   Code   RO          800    .text               esp8266.o
    0x080051a4   0x080051a4   0x0000005e   Code   RO          825    .text               c_w.l(h1_alloc.o)
    0x08005202   0x08005202   0x0000004e   Code   RO          827    .text               c_w.l(h1_free.o)
    0x08005250   0x08005250   0x00000034   Code   RO          883    .text               c_w.l(c89vsnprintf.o)
    0x08005284   0x08005284   0x0000002c   Code   RO          885    .text               c_w.l(__2sprintf.o)
    0x080052b0   0x080052b0   0x00000038   Code   RO          887    .text               c_w.l(__2snprintf.o)
    0x080052e8   0x080052e8   0x00000052   Code   RO          895    .text               c_w.l(_printf_str.o)
    0x0800533a   0x0800533a   0x00000002   PAD
    0x0800533c   0x0800533c   0x00000078   Code   RO          897    .text               c_w.l(_printf_dec.o)
    0x080053b4   0x080053b4   0x00000188   Code   RO          916    .text               c_w.l(__printf_flags_ss_wp.o)
    0x0800553c   0x0800553c   0x0000001a   Code   RO          922    .text               c_w.l(atoi.o)
    0x08005556   0x08005556   0x00000002   PAD
    0x08005558   0x08005558   0x0000003c   Code   RO          925    .text               c_w.l(rand.o)
    0x08005594   0x08005594   0x00000014   Code   RO          929    .text               c_w.l(strchr.o)
    0x080055a8   0x080055a8   0x00000024   Code   RO          931    .text               c_w.l(strncat.o)
    0x080055cc   0x080055cc   0x00000024   Code   RO          933    .text               c_w.l(strstr.o)
    0x080055f0   0x080055f0   0x00000048   Code   RO          935    .text               c_w.l(strcpy.o)
    0x08005638   0x08005638   0x0000003e   Code   RO          937    .text               c_w.l(strlen.o)
    0x08005676   0x08005676   0x00000018   Code   RO          939    .text               c_w.l(strcat.o)
    0x0800568e   0x0800568e   0x0000008a   Code   RO          941    .text               c_w.l(rt_memcpy_v6.o)
    0x08005718   0x08005718   0x00000044   Code   RO          943    .text               c_w.l(rt_memclr.o)
    0x0800575c   0x0800575c   0x0000004e   Code   RO          945    .text               c_w.l(rt_memclr_w.o)
    0x080057aa   0x080057aa   0x00000006   Code   RO          947    .text               c_w.l(heapauxi.o)
    0x080057b0   0x080057b0   0x00000008   Code   RO          957    .text               c_w.l(rt_heap_descriptor_intlibspace.o)
    0x080057b8   0x080057b8   0x00000008   Code   RO          962    .text               c_w.l(rt_errno_addr_intlibspace.o)
    0x080057c0   0x080057c0   0x00000004   Code   RO          964    .text               c_w.l(hguard.o)
    0x080057c4   0x080057c4   0x0000008a   Code   RO          966    .text               c_w.l(init_alloc.o)
    0x0800584e   0x0800584e   0x0000000e   Code   RO          970    .text               c_w.l(h1_init.o)
    0x0800585c   0x0800585c   0x0000004e   Code   RO          984    .text               c_w.l(_printf_pad.o)
    0x080058aa   0x080058aa   0x00000024   Code   RO          986    .text               c_w.l(_printf_truncate.o)
    0x080058ce   0x080058ce   0x000000b2   Code   RO          988    .text               c_w.l(_printf_intcommon.o)
    0x08005980   0x08005980   0x00000028   Code   RO          990    .text               c_w.l(_printf_charcount.o)
    0x080059a8   0x080059a8   0x00000030   Code   RO          992    .text               c_w.l(_printf_char_common.o)
    0x080059d8   0x080059d8   0x0000000a   Code   RO          994    .text               c_w.l(_sputc.o)
    0x080059e2   0x080059e2   0x00000010   Code   RO          996    .text               c_w.l(_snputc.o)
    0x080059f2   0x080059f2   0x0000002c   Code   RO          998    .text               c_w.l(_printf_char.o)
    0x08005a1e   0x08005a1e   0x00000002   PAD
    0x08005a20   0x08005a20   0x000000bc   Code   RO         1000    .text               c_w.l(_printf_wctomb.o)
    0x08005adc   0x08005adc   0x0000007c   Code   RO         1003    .text               c_w.l(_printf_longlong_dec.o)
    0x08005b58   0x08005b58   0x00000070   Code   RO         1009    .text               c_w.l(_printf_oct_int_ll.o)
    0x08005bc8   0x08005bc8   0x00000094   Code   RO         1029    .text               c_w.l(_printf_hex_int_ll_ptr.o)
    0x08005c5c   0x08005c5c   0x00000070   Code   RO         1053    .text               c_w.l(strtol.o)
    0x08005ccc   0x08005ccc   0x00000064   Code   RO         1055    .text               c_w.l(rt_memcpy_w.o)
    0x08005d30   0x08005d30   0x00000008   Code   RO         1108    .text               c_w.l(libspace.o)
    0x08005d38   0x08005d38   0x00000010   Code   RO         1126    .text               c_w.l(rt_ctype_table.o)
    0x08005d48   0x08005d48   0x00000034   Code   RO         1132    .text               c_w.l(h1_extend.o)
    0x08005d7c   0x08005d7c   0x0000008a   Code   RO         1136    .text               c_w.l(lludiv10.o)
    0x08005e06   0x08005e06   0x0000041e   Code   RO         1138    .text               c_w.l(_printf_fp_dec.o)
    0x08006224   0x08006224   0x0000002c   Code   RO         1142    .text               c_w.l(_printf_wchar.o)
    0x08006250   0x08006250   0x0000009e   Code   RO         1144    .text               c_w.l(_strtoul.o)
    0x080062ee   0x080062ee   0x00000040   Code   RO         1146    .text               c_w.l(_wcrtomb.o)
    0x0800632e   0x0800632e   0x0000000e   Code   RO         1148    .text               c_w.l(defsig_rtmem_outer.o)
    0x0800633c   0x0800633c   0x00000002   Code   RO         1159    .text               c_w.l(use_no_semi.o)
    0x0800633e   0x0800633e   0x00000000   Code   RO         1161    .text               c_w.l(indicate_semi.o)
    0x0800633e   0x0800633e   0x0000004a   Code   RO         1162    .text               c_w.l(sys_stackheap_outer.o)
    0x08006388   0x08006388   0x00000008   Code   RO         1169    .text               c_w.l(rt_locale_intlibspace.o)
    0x08006390   0x08006390   0x00000080   Code   RO         1173    .text               c_w.l(_printf_fp_infnan.o)
    0x08006410   0x08006410   0x0000001c   Code   RO         1175    .text               c_w.l(_chval.o)
    0x0800642c   0x0800642c   0x000000e4   Code   RO         1177    .text               c_w.l(bigflt0.o)
    0x08006510   0x08006510   0x00000012   Code   RO         1208    .text               c_w.l(exit.o)
    0x08006522   0x08006522   0x0000000a   Code   RO         1210    .text               c_w.l(defsig_exit.o)
    0x0800652c   0x0800652c   0x00000050   Code   RO         1212    .text               c_w.l(defsig_rtmem_inner.o)
    0x0800657c   0x0800657c   0x0000000c   Code   RO         1229    .text               c_w.l(sys_exit.o)
    0x08006588   0x08006588   0x00000032   Code   RO         1239    .text               c_w.l(defsig_general.o)
    0x080065ba   0x080065ba   0x00000002   PAD
    0x080065bc   0x080065bc   0x00000080   Code   RO         1241    .text               c_w.l(strcmpv7m.o)
    0x0800663c   0x0800663c   0x0000000e   Code   RO         1261    .text               c_w.l(sys_wrch.o)
    0x0800664a   0x0800664a   0x0000003e   Code   RO         1180    CL$$btod_d2e        c_w.l(btod.o)
    0x08006688   0x08006688   0x00000046   Code   RO         1182    CL$$btod_d2e_denorm_low  c_w.l(btod.o)
    0x080066ce   0x080066ce   0x00000060   Code   RO         1181    CL$$btod_d2e_norm_op1  c_w.l(btod.o)
    0x0800672e   0x0800672e   0x00000338   Code   RO         1190    CL$$btod_div_common  c_w.l(btod.o)
    0x08006a66   0x08006a66   0x000000dc   Code   RO         1187    CL$$btod_e2e        c_w.l(btod.o)
    0x08006b42   0x08006b42   0x0000002a   Code   RO         1184    CL$$btod_ediv       c_w.l(btod.o)
    0x08006b6c   0x08006b6c   0x0000002a   Code   RO         1183    CL$$btod_emul       c_w.l(btod.o)
    0x08006b96   0x08006b96   0x00000244   Code   RO         1189    CL$$btod_mult_common  c_w.l(btod.o)
    0x08006dda   0x08006dda   0x00000028   Code   RO         1227    i.__ARM_fpclassify  m_ws.l(fpclassify.o)
    0x08006e02   0x08006e02   0x0000000e   Code   RO          909    i._is_digit         c_w.l(__printf_wp.o)
    0x08006e10   0x08006e10   0x0000002c   Code   RO         1203    locale$$code        c_w.l(lc_ctype_c.o)
    0x08006e3c   0x08006e3c   0x0000002c   Code   RO         1206    locale$$code        c_w.l(lc_numeric_c.o)
    0x08006e68   0x08006e68   0x00000004   Code   RO         1104    x$fpl$printf1       fz_ws.l(printf1.o)
    0x08006e6c   0x08006e6c   0x00000000   Code   RO         1226    x$fpl$usenofp       fz_ws.l(usenofp.o)
    0x08006e6c   0x08006e6c   0x00002270   Data   RO          632    .constdata          oled.o
    0x080090dc   0x080090dc   0x000000c0   Data   RO          752    .constdata          base64.o
    0x0800919c   0x0800919c   0x00000011   Data   RO          917    .constdata          c_w.l(__printf_flags_ss_wp.o)
    0x080091ad   0x080091ad   0x00000003   PAD
    0x080091b0   0x080091b0   0x00000008   Data   RO         1001    .constdata          c_w.l(_printf_wctomb.o)
    0x080091b8   0x080091b8   0x00000028   Data   RO         1030    .constdata          c_w.l(_printf_hex_int_ll_ptr.o)
    0x080091e0   0x080091e0   0x00000094   Data   RO         1178    .constdata          c_w.l(bigflt0.o)
    0x08009274   0x08009274   0x00000047   Data   RO          691    .conststring        onenet.o
    0x080092bb   0x080092bb   0x00000001   PAD
    0x080092bc   0x080092bc   0x00000020   Data   RO         1291    Region$$Table       anon$$obj.o
    0x080092dc   0x080092dc   0x00000110   Data   RO         1202    locale$$data        c_w.l(lc_ctype_c.o)
    0x080093ec   0x080093ec   0x0000001c   Data   RO         1205    locale$$data        c_w.l(lc_numeric_c.o)


    Execution Region RW_IRAM1 (Exec base: 0x20000000, Load base: 0x08009408, Size: 0x00001ff8, Max: 0x00010000, ABSOLUTE)

    Exec Addr    Load Addr    Size         Type   Attr      Idx    E Section Name        Object

    0x20000000   0x08009408   0x00000014   Data   RW          120    .data               system_stm32f10x.o
    0x20000014   0x0800941c   0x00000014   Data   RW          411    .data               stm32f10x_rcc.o
    0x20000028   0x08009430   0x00000003   Data   RW          607    .data               button.o
    0x2000002b   0x08009433   0x00000002   Data   RW          650    .data               main.o
    0x2000002d   0x08009435   0x00000001   PAD
    0x2000002e   0x08009436   0x00000002   Data   RW          692    .data               onenet.o
    0x20000030   0x08009438   0x00000004   Data   RW          802    .data               esp8266.o
    0x20000034        -       0x00000480   Zero   RW          631    .bss                oled.o
    0x200004b4        -       0x00000200   Zero   RW          801    .bss                esp8266.o
    0x200006b4        -       0x000000e4   Zero   RW          926    .bss                c_w.l(rand.o)
    0x20000798        -       0x00000060   Zero   RW         1109    .bss                c_w.l(libspace.o)
    0x200007f8        -       0x00000c00   Zero   RW          138    HEAP                startup_stm32f10x_hd.o
    0x200013f8        -       0x00000c00   Zero   RW          137    STACK               startup_stm32f10x_hd.o


==============================================================================

Image component sizes


      Code (inc. data)   RO Data    RW Data    ZI Data      Debug   Object Name

       688          8        192          0          0       3158   base64.o
       356         24          0          3          0       1615   button.o
         0          0          0          0          0       4564   core_cm3.o
        94          0          0          0          0        828   delay.o
       464         12          0          0          0       2341   dht11.o
       728        208          0          4        512       2979   esp8266.o
      1188         30          0          0          0       3196   hmac_sha1.o
      1960        244          0          2          0       1760   main.o
       220         22          0          0          0     216165   misc.o
       216         10          0          0          0        787   mq2.o
      3616         98          0          0          0      15223   mqttkit.o
      2540         52       8816          0       1152       9207   oled.o
      2580       1048         71          2          0       5978   onenet.o
        64         26        304          0       6144        796   startup_stm32f10x_hd.o
      1102         26          0          0          0      21585   stm32f10x_adc.o
       284         10          0          0          0       4291   stm32f10x_exti.o
       860         38          0          0          0      13953   stm32f10x_gpio.o
       308        248          0          0          0      24415   stm32f10x_it.o
       932         36          0         20          0      17480   stm32f10x_rcc.o
      1032         22          0          0          0      14360   stm32f10x_usart.o
       480         38          0         20          0       1727   system_stm32f10x.o
       488         14          0          0          0       2909   usart.o

    ----------------------------------------------------------------------
     20204       2214       9416         52       7808     369317   Object Totals
         0          0         32          0          0          0   (incl. Generated)
         4          0          1          1          0          0   (incl. Padding)

    ----------------------------------------------------------------------

      Code (inc. data)   RO Data    RW Data    ZI Data      Debug   Library Member Name

        56          6          0          0          0         88   __2snprintf.o
        44          6          0          0          0         84   __2sprintf.o
         8          0          0          0          0         68   __main.o
       392          4         17          0          0         92   __printf_flags_ss_wp.o
        14          0          0          0          0         68   __printf_wp.o
         0          0          0          0          0          0   __rtentry.o
        12          0          0          0          0          0   __rtentry2.o
         6          0          0          0          0          0   __rtentry4.o
        52          8          0          0          0          0   __scatter.o
        26          0          0          0          0          0   __scatter_copy.o
        28          0          0          0          0          0   __scatter_zi.o
        28          0          0          0          0         68   _chval.o
         6          0          0          0          0          0   _printf_a.o
         6          0          0          0          0          0   _printf_c.o
        44          0          0          0          0        108   _printf_char.o
        48          6          0          0          0         96   _printf_char_common.o
        40          0          0          0          0         68   _printf_charcount.o
         6          0          0          0          0          0   _printf_d.o
       120         16          0          0          0         92   _printf_dec.o
         6          0          0          0          0          0   _printf_e.o
         6          0          0          0          0          0   _printf_f.o
      1054          0          0          0          0        216   _printf_fp_dec.o
       128         16          0          0          0         84   _printf_fp_infnan.o
         6          0          0          0          0          0   _printf_g.o
       148          4         40          0          0        160   _printf_hex_int_ll_ptr.o
         6          0          0          0          0          0   _printf_i.o
       178          0          0          0          0         88   _printf_intcommon.o
        10          0          0          0          0          0   _printf_l.o
         6          0          0          0          0          0   _printf_lc.o
        10          0          0          0          0          0   _printf_ll.o
         6          0          0          0          0          0   _printf_lld.o
         6          0          0          0          0          0   _printf_lli.o
         6          0          0          0          0          0   _printf_llo.o
         6          0          0          0          0          0   _printf_llu.o
         6          0          0          0          0          0   _printf_llx.o
       124         16          0          0          0         92   _printf_longlong_dec.o
         6          0          0          0          0          0   _printf_ls.o
         6          0          0          0          0          0   _printf_n.o
         6          0          0          0          0          0   _printf_o.o
       112         10          0          0          0        124   _printf_oct_int_ll.o
         6          0          0          0          0          0   _printf_p.o
        78          0          0          0          0        108   _printf_pad.o
         0          0          0          0          0          0   _printf_percent.o
         4          0          0          0          0          0   _printf_percent_end.o
         6          0          0          0          0          0   _printf_s.o
        82          0          0          0          0         80   _printf_str.o
        36          0          0          0          0         84   _printf_truncate.o
         6          0          0          0          0          0   _printf_u.o
        44          0          0          0          0        108   _printf_wchar.o
       188          6          8          0          0         92   _printf_wctomb.o
         6          0          0          0          0          0   _printf_x.o
        16          0          0          0          0         68   _snputc.o
        10          0          0          0          0         68   _sputc.o
       158          0          0          0          0         92   _strtoul.o
        64          0          0          0          0         92   _wcrtomb.o
        26          0          0          0          0         80   atoi.o
       228          4        148          0          0         96   bigflt0.o
      1936        128          0          0          0        672   btod.o
        52          4          0          0          0         80   c89vsnprintf.o
        10          0          0          0          0         68   defsig_exit.o
        50          0          0          0          0         88   defsig_general.o
        80         58          0          0          0         76   defsig_rtmem_inner.o
        14          0          0          0          0         80   defsig_rtmem_outer.o
        18          0          0          0          0         80   exit.o
        94          0          0          0          0         80   h1_alloc.o
        52          0          0          0          0         68   h1_extend.o
        78          0          0          0          0         80   h1_free.o
        14          0          0          0          0         84   h1_init.o
         6          0          0          0          0        152   heapauxi.o
         4          0          0          0          0        136   hguard.o
         0          0          0          0          0          0   indicate_semi.o
       138          0          0          0          0        168   init_alloc.o
        44         10        272          0          0         76   lc_ctype_c.o
        44         10         28          0          0         76   lc_numeric_c.o
         2          0          0          0          0          0   libinit.o
        42          0          0          0          0          0   libinit2.o
         2          0          0          0          0          0   libshutdown.o
         2          0          0          0          0          0   libshutdown2.o
         8          4          0          0         96         68   libspace.o
       138          0          0          0          0         80   lludiv10.o
         0          0          0          0          0          0   maybetermalloc1.o
       112         18          0          0        228        160   rand.o
        16          4          0          0          0         76   rt_ctype_table.o
         8          4          0          0          0         68   rt_errno_addr_intlibspace.o
         8          4          0          0          0         68   rt_heap_descriptor_intlibspace.o
         8          4          0          0          0         68   rt_locale_intlibspace.o
        68          0          0          0          0         68   rt_memclr.o
        78          0          0          0          0         80   rt_memclr_w.o
       138          0          0          0          0         68   rt_memcpy_v6.o
       100          0          0          0          0         80   rt_memcpy_w.o
         2          0          0          0          0          0   rtexit.o
        10          0          0          0          0          0   rtexit2.o
        24          0          0          0          0         68   strcat.o
        20          0          0          0          0         68   strchr.o
       128          0          0          0          0         68   strcmpv7m.o
        72          0          0          0          0         80   strcpy.o
        62          0          0          0          0         76   strlen.o
        36          0          0          0          0         76   strncat.o
        36          0          0          0          0         80   strstr.o
       112          0          0          0          0         88   strtol.o
        12          4          0          0          0         68   sys_exit.o
        74          0          0          0          0         80   sys_stackheap_outer.o
        14          0          0          0          0         76   sys_wrch.o
         2          0          0          0          0         68   use_no_semi.o
         4          0          0          0          0         68   printf1.o
         0          0          0          0          0          0   usenofp.o
        40          0          0          0          0         68   fpclassify.o

    ----------------------------------------------------------------------
      7760        354        516          0        324       6544   Library Totals
        12          0          3          0          0          0   (incl. Padding)

    ----------------------------------------------------------------------

      Code (inc. data)   RO Data    RW Data    ZI Data      Debug   Library Name

      7704        354        513          0        324       6408   c_w.l
         4          0          0          0          0         68   fz_ws.l
        40          0          0          0          0         68   m_ws.l

    ----------------------------------------------------------------------
      7760        354        516          0        324       6544   Library Totals

    ----------------------------------------------------------------------

==============================================================================


      Code (inc. data)   RO Data    RW Data    ZI Data      Debug   

     27964       2568       9932         52       8132     370189   Grand Totals
     27964       2568       9932         52       8132     370189   ELF Image Totals
     27964       2568       9932         52          0          0   ROM Totals

==============================================================================

    Total RO  Size (Code + RO Data)                37896 (  37.01kB)
    Total RW  Size (RW Data + ZI Data)              8184 (   7.99kB)
    Total ROM Size (Code + RO Data + RW Data)      37948 (  37.06kB)

==============================================================================

